0 verbose cli /Users/tomasdiez/.nvm/versions/node/v25.7.0/bin/node /Users/tomasdiez/.nvm/versions/node/v25.7.0/bin/npm
1 info using npm@11.10.1
2 info using node@v25.7.0
3 silly config load:file:/Users/tomasdiez/.nvm/versions/node/v25.7.0/lib/node_modules/npm/npmrc
4 silly config load:file:/Users/tomasdiez/Web/fablabs.io/frontend/.npmrc
5 silly config load:file:/Users/tomasdiez/.npmrc
6 silly config load:file:/Users/tomasdiez/.nvm/versions/node/v25.7.0/etc/npmrc
7 verbose title npm install next-auth react-map-gl maplibre-gl
8 verbose argv "install" "next-auth" "react-map-gl" "maplibre-gl"
9 verbose logfile logs-max:10 dir:/Users/tomasdiez/Web/fablabs.io/.npm-local-cache/_logs/2026-03-02T12_09_37_364Z-
10 verbose logfile /Users/tomasdiez/Web/fablabs.io/.npm-local-cache/_logs/2026-03-02T12_09_37_364Z-debug-0.log
11 silly logfile start cleaning logs, removing 1 files
12 silly packumentCache heap:4496293888 maxSize:1124073472 maxEntrySize:562036736
13 silly logfile done cleaning log files
14 silly idealTree buildDeps
15 silly fetch manifest next-auth@*
16 silly packumentCache full:https://registry.npmjs.org/next-auth cache-miss
17 http fetch GET 200 https://registry.npmjs.org/next-auth 543ms (cache miss)
18 silly packumentCache full:https://registry.npmjs.org/next-auth set size:undefined disposed:false
19 silly fetch manifest @auth/core@0.34.3
20 silly packumentCache full:https://registry.npmjs.org/@auth%2fcore cache-miss
21 http fetch GET 200 https://registry.npmjs.org/@auth%2fcore 1338ms (cache miss)
22 silly packumentCache full:https://registry.npmjs.org/@auth%2fcore set size:undefined disposed:false
23 silly fetch manifest @simplewebauthn/browser@^9.0.1
24 silly packumentCache full:https://registry.npmjs.org/@simplewebauthn%2fbrowser cache-miss
25 http fetch GET 200 https://registry.npmjs.org/@simplewebauthn%2fbrowser 371ms (cache miss)
26 silly packumentCache full:https://registry.npmjs.org/@simplewebauthn%2fbrowser set size:undefined disposed:false
27 silly fetch manifest @simplewebauthn/server@^9.0.2
28 silly packumentCache full:https://registry.npmjs.org/@simplewebauthn%2fserver cache-miss
29 http fetch GET 200 https://registry.npmjs.org/@simplewebauthn%2fserver 835ms (cache miss)
30 silly packumentCache full:https://registry.npmjs.org/@simplewebauthn%2fserver set size:undefined disposed:false
31 silly fetch manifest nodemailer@^7
32 silly packumentCache full:https://registry.npmjs.org/nodemailer cache-miss
33 http fetch GET 200 https://registry.npmjs.org/nodemailer 794ms (cache miss)
34 silly packumentCache full:https://registry.npmjs.org/nodemailer set size:undefined disposed:false
35 silly fetch manifest next@16.1.6
36 silly packumentCache full:https://registry.npmjs.org/next cache-miss
37 http fetch GET 200 https://registry.npmjs.org/next 86ms (cache revalidated)
38 silly packumentCache full:https://registry.npmjs.org/next set size:29333647 disposed:false
39 silly fetch manifest @opentelemetry/api@^1.1.0
40 silly packumentCache full:https://registry.npmjs.org/@opentelemetry%2fapi cache-miss
41 http fetch GET 200 https://registry.npmjs.org/@opentelemetry%2fapi 51ms (cache revalidated)
42 silly packumentCache full:https://registry.npmjs.org/@opentelemetry%2fapi set size:455567 disposed:false
43 silly fetch manifest @playwright/test@^1.51.1
44 silly packumentCache full:https://registry.npmjs.org/@playwright%2ftest cache-miss
45 http fetch GET 200 https://registry.npmjs.org/@playwright%2ftest 244ms (cache updated)
46 silly packumentCache full:https://registry.npmjs.org/@playwright%2ftest set size:undefined disposed:false
47 silly fetch manifest babel-plugin-react-compiler@*
48 silly packumentCache full:https://registry.npmjs.org/babel-plugin-react-compiler cache-miss
49 http fetch GET 200 https://registry.npmjs.org/babel-plugin-react-compiler 42ms (cache revalidated)
50 silly packumentCache full:https://registry.npmjs.org/babel-plugin-react-compiler set size:1264168 disposed:false
51 silly fetch manifest react@19.2.3
52 silly packumentCache full:https://registry.npmjs.org/react cache-miss
53 http fetch GET 200 https://registry.npmjs.org/react 55ms (cache revalidated)
54 silly packumentCache full:https://registry.npmjs.org/react set size:6523821 disposed:false
55 silly fetch manifest react-dom@19.2.3
56 silly packumentCache full:https://registry.npmjs.org/react-dom cache-miss
57 http fetch GET 200 https://registry.npmjs.org/react-dom 49ms (cache revalidated)
58 silly packumentCache full:https://registry.npmjs.org/react-dom set size:8651400 disposed:false
59 silly fetch manifest sass@^1.3.0
60 silly packumentCache full:https://registry.npmjs.org/sass cache-miss
61 http fetch GET 200 https://registry.npmjs.org/sass 43ms (cache revalidated)
62 silly packumentCache full:https://registry.npmjs.org/sass set size:722061 disposed:false
63 silly fetch manifest react-map-gl@*
64 silly packumentCache full:https://registry.npmjs.org/react-map-gl cache-miss
65 http fetch GET 200 https://registry.npmjs.org/react-map-gl 855ms (cache miss)
66 silly packumentCache full:https://registry.npmjs.org/react-map-gl set size:undefined disposed:false
67 silly fetch manifest mapbox-gl@>=1.13.0
68 silly packumentCache full:https://registry.npmjs.org/mapbox-gl cache-miss
69 http fetch GET 200 https://registry.npmjs.org/mapbox-gl 804ms (cache miss)
70 silly packumentCache full:https://registry.npmjs.org/mapbox-gl set size:undefined disposed:false
71 silly fetch manifest maplibre-gl@*
72 silly packumentCache full:https://registry.npmjs.org/maplibre-gl cache-miss
73 http fetch GET 200 https://registry.npmjs.org/maplibre-gl 75ms (cache miss)
74 silly packumentCache full:https://registry.npmjs.org/maplibre-gl set size:undefined disposed:false
75 silly placeDep ROOT maplibre-gl@5.19.0 OK for: frontend@0.1.0 want: *
76 silly placeDep ROOT next-auth@4.24.13 OK for: frontend@0.1.0 want: *
77 silly placeDep ROOT react-map-gl@8.1.0 OK for: frontend@0.1.0 want: *
78 silly fetch manifest @mapbox/geojson-rewind@^0.5.2
79 silly packumentCache full:https://registry.npmjs.org/@mapbox%2fgeojson-rewind cache-miss
80 silly fetch manifest @mapbox/jsonlint-lines-primitives@^2.0.2
81 silly packumentCache full:https://registry.npmjs.org/@mapbox%2fjsonlint-lines-primitives cache-miss
82 silly fetch manifest @mapbox/point-geometry@^1.1.0
83 silly packumentCache full:https://registry.npmjs.org/@mapbox%2fpoint-geometry cache-miss
84 silly fetch manifest @mapbox/tiny-sdf@^2.0.7
85 silly packumentCache full:https://registry.npmjs.org/@mapbox%2ftiny-sdf cache-miss
86 silly fetch manifest @mapbox/unitbezier@^0.0.1
87 silly packumentCache full:https://registry.npmjs.org/@mapbox%2funitbezier cache-miss
88 silly fetch manifest @mapbox/vector-tile@^2.0.4
89 silly packumentCache full:https://registry.npmjs.org/@mapbox%2fvector-tile cache-miss
90 silly fetch manifest @mapbox/whoots-js@^3.1.0
91 silly packumentCache full:https://registry.npmjs.org/@mapbox%2fwhoots-js cache-miss
92 silly fetch manifest @maplibre/geojson-vt@^5.0.4
93 silly packumentCache full:https://registry.npmjs.org/@maplibre%2fgeojson-vt cache-miss
94 silly fetch manifest @maplibre/maplibre-gl-style-spec@^24.4.1
95 silly packumentCache full:https://registry.npmjs.org/@maplibre%2fmaplibre-gl-style-spec cache-miss
96 http fetch GET 200 https://registry.npmjs.org/@mapbox%2fgeojson-rewind 830ms (cache miss)
97 silly packumentCache full:https://registry.npmjs.org/@mapbox%2fgeojson-rewind set size:undefined disposed:false
98 silly fetch manifest @maplibre/mlt@^1.1.6
99 silly packumentCache full:https://registry.npmjs.org/@maplibre%2fmlt cache-miss
100 http fetch GET 200 https://registry.npmjs.org/@mapbox%2funitbezier 974ms (cache miss)
101 silly packumentCache full:https://registry.npmjs.org/@mapbox%2funitbezier set size:undefined disposed:false
102 silly fetch manifest @maplibre/vt-pbf@^4.2.1
103 silly packumentCache full:https://registry.npmjs.org/@maplibre%2fvt-pbf cache-miss
104 http fetch GET 200 https://registry.npmjs.org/@mapbox%2fjsonlint-lines-primitives 976ms (cache miss)
105 silly packumentCache full:https://registry.npmjs.org/@mapbox%2fjsonlint-lines-primitives set size:undefined disposed:false
106 silly fetch manifest @types/geojson@^7946.0.16
107 silly packumentCache full:https://registry.npmjs.org/@types%2fgeojson cache-miss
108 http fetch GET 200 https://registry.npmjs.org/@mapbox%2fvector-tile 980ms (cache miss)
109 silly packumentCache full:https://registry.npmjs.org/@mapbox%2fvector-tile set size:undefined disposed:false
110 silly fetch manifest @types/supercluster@^7.1.3
111 silly packumentCache full:https://registry.npmjs.org/@types%2fsupercluster cache-miss
112 http fetch GET 200 https://registry.npmjs.org/@mapbox%2fpoint-geometry 992ms (cache miss)
113 silly packumentCache full:https://registry.npmjs.org/@mapbox%2fpoint-geometry set size:undefined disposed:false
114 silly fetch manifest earcut@^3.0.2
115 silly packumentCache full:https://registry.npmjs.org/earcut cache-miss
116 http fetch GET 200 https://registry.npmjs.org/@mapbox%2fwhoots-js 1016ms (cache miss)
117 silly packumentCache full:https://registry.npmjs.org/@mapbox%2fwhoots-js set size:undefined disposed:false
118 silly fetch manifest gl-matrix@^3.4.4
119 silly packumentCache full:https://registry.npmjs.org/gl-matrix cache-miss
120 http fetch GET 200 https://registry.npmjs.org/@types%2fsupercluster 298ms (cache miss)
121 silly packumentCache full:https://registry.npmjs.org/@types%2fsupercluster set size:undefined disposed:false
122 silly fetch manifest kdbush@^4.0.2
123 silly packumentCache full:https://registry.npmjs.org/kdbush cache-miss
124 http fetch GET 200 https://registry.npmjs.org/@types%2fgeojson 311ms (cache miss)
125 silly packumentCache full:https://registry.npmjs.org/@types%2fgeojson set size:undefined disposed:false
126 silly fetch manifest murmurhash-js@^1.0.0
127 silly packumentCache full:https://registry.npmjs.org/murmurhash-js cache-miss
128 http fetch GET 200 https://registry.npmjs.org/@mapbox%2ftiny-sdf 1435ms (cache miss)
129 silly packumentCache full:https://registry.npmjs.org/@mapbox%2ftiny-sdf set size:undefined disposed:false
130 silly fetch manifest pbf@^4.0.1
131 silly packumentCache full:https://registry.npmjs.org/pbf cache-miss
132 http fetch GET 200 https://registry.npmjs.org/@maplibre%2fgeojson-vt 1495ms (cache miss)
133 silly packumentCache full:https://registry.npmjs.org/@maplibre%2fgeojson-vt set size:undefined disposed:false
134 silly fetch manifest potpack@^2.1.0
135 silly packumentCache full:https://registry.npmjs.org/potpack cache-miss
136 http fetch GET 200 https://registry.npmjs.org/@maplibre%2fmaplibre-gl-style-spec 1507ms (cache miss)
137 silly packumentCache full:https://registry.npmjs.org/@maplibre%2fmaplibre-gl-style-spec set size:undefined disposed:false
138 silly fetch manifest quickselect@^3.0.0
139 silly packumentCache full:https://registry.npmjs.org/quickselect cache-miss
140 http fetch GET 200 https://registry.npmjs.org/potpack 45ms (cache miss)
141 silly packumentCache full:https://registry.npmjs.org/potpack set size:undefined disposed:false
142 silly fetch manifest supercluster@^8.0.1
143 silly packumentCache full:https://registry.npmjs.org/supercluster cache-miss
144 http fetch GET 200 https://registry.npmjs.org/kdbush 299ms (cache miss)
145 silly packumentCache full:https://registry.npmjs.org/kdbush set size:undefined disposed:false
146 silly fetch manifest tinyqueue@^3.0.0
147 silly packumentCache full:https://registry.npmjs.org/tinyqueue cache-miss
148 http fetch GET 200 https://registry.npmjs.org/murmurhash-js 294ms (cache miss)
149 silly packumentCache full:https://registry.npmjs.org/murmurhash-js set size:undefined disposed:false
150 silly fetch manifest @babel/runtime@^7.20.13
151 silly packumentCache full:https://registry.npmjs.org/@babel%2fruntime cache-miss
152 http fetch GET 200 https://registry.npmjs.org/supercluster 48ms (cache miss)
153 silly packumentCache full:https://registry.npmjs.org/supercluster set size:undefined disposed:false
154 silly fetch manifest @panva/hkdf@^1.0.2
155 silly packumentCache full:https://registry.npmjs.org/@panva%2fhkdf cache-miss
156 http fetch GET 200 https://registry.npmjs.org/@babel%2fruntime 59ms (cache revalidated)
157 silly packumentCache full:https://registry.npmjs.org/@babel%2fruntime set size:3322062 disposed:false
158 silly fetch manifest cookie@^0.7.0
159 silly packumentCache full:https://registry.npmjs.org/cookie cache-miss
160 http fetch GET 200 https://registry.npmjs.org/@maplibre%2fmlt 849ms (cache miss)
161 silly packumentCache full:https://registry.npmjs.org/@maplibre%2fmlt set size:undefined disposed:false
162 silly fetch manifest jose@^4.15.5
163 silly packumentCache full:https://registry.npmjs.org/jose cache-miss
164 http fetch GET 200 https://registry.npmjs.org/cookie 53ms (cache revalidated)
165 silly packumentCache full:https://registry.npmjs.org/cookie set size:72891 disposed:false
166 silly fetch manifest oauth@^0.9.15
167 silly packumentCache full:https://registry.npmjs.org/oauth cache-miss
168 http fetch GET 200 https://registry.npmjs.org/jose 59ms (cache miss)
169 silly packumentCache full:https://registry.npmjs.org/jose set size:undefined disposed:false
170 silly fetch manifest openid-client@^5.4.0
171 silly packumentCache full:https://registry.npmjs.org/openid-client cache-miss
172 http fetch GET 200 https://registry.npmjs.org/quickselect 294ms (cache miss)
173 silly packumentCache full:https://registry.npmjs.org/quickselect set size:undefined disposed:false
174 silly fetch manifest preact@^10.6.3
175 silly packumentCache full:https://registry.npmjs.org/preact cache-miss
176 http fetch GET 200 https://registry.npmjs.org/earcut 850ms (cache miss)
177 silly packumentCache full:https://registry.npmjs.org/earcut set size:undefined disposed:false
178 silly fetch manifest preact-render-to-string@^5.1.19
179 silly packumentCache full:https://registry.npmjs.org/preact-render-to-string cache-miss
180 http fetch GET 200 https://registry.npmjs.org/gl-matrix 834ms (cache miss)
181 silly packumentCache full:https://registry.npmjs.org/gl-matrix set size:undefined disposed:false
182 silly fetch manifest uuid@^8.3.2
183 silly packumentCache full:https://registry.npmjs.org/uuid cache-miss
184 http fetch GET 200 https://registry.npmjs.org/preact 101ms (cache miss)
185 silly packumentCache full:https://registry.npmjs.org/preact set size:undefined disposed:false
186 silly fetch manifest @vis.gl/react-mapbox@8.1.0
187 silly packumentCache full:https://registry.npmjs.org/@vis.gl%2freact-mapbox cache-miss
188 http fetch GET 200 https://registry.npmjs.org/uuid 61ms (cache miss)
189 silly packumentCache full:https://registry.npmjs.org/uuid set size:undefined disposed:false
190 silly fetch manifest @vis.gl/react-maplibre@8.1.0
191 silly packumentCache full:https://registry.npmjs.org/@vis.gl%2freact-maplibre cache-miss
192 http fetch GET 200 https://registry.npmjs.org/oauth 306ms (cache miss)
193 silly packumentCache full:https://registry.npmjs.org/oauth set size:undefined disposed:false
194 http fetch GET 200 https://registry.npmjs.org/openid-client 319ms (cache miss)
195 silly packumentCache full:https://registry.npmjs.org/openid-client set size:undefined disposed:false
196 http fetch GET 200 https://registry.npmjs.org/@panva%2fhkdf 579ms (cache miss)
197 silly packumentCache full:https://registry.npmjs.org/@panva%2fhkdf set size:undefined disposed:false
198 http fetch GET 200 https://registry.npmjs.org/preact-render-to-string 332ms (cache miss)
199 silly packumentCache full:https://registry.npmjs.org/preact-render-to-string set size:undefined disposed:false
200 http fetch GET 200 https://registry.npmjs.org/pbf 800ms (cache miss)
201 silly packumentCache full:https://registry.npmjs.org/pbf set size:undefined disposed:false
202 http fetch GET 200 https://registry.npmjs.org/tinyqueue 808ms (cache miss)
203 silly packumentCache full:https://registry.npmjs.org/tinyqueue set size:undefined disposed:false
204 http fetch GET 200 https://registry.npmjs.org/@vis.gl%2freact-mapbox 827ms (cache miss)
205 silly packumentCache full:https://registry.npmjs.org/@vis.gl%2freact-mapbox set size:undefined disposed:false
206 http fetch GET 200 https://registry.npmjs.org/@vis.gl%2freact-maplibre 833ms (cache miss)
207 silly packumentCache full:https://registry.npmjs.org/@vis.gl%2freact-maplibre set size:undefined disposed:false
208 http fetch GET 200 https://registry.npmjs.org/@maplibre%2fvt-pbf 1929ms (cache miss)
209 silly packumentCache full:https://registry.npmjs.org/@maplibre%2fvt-pbf set size:undefined disposed:false
210 silly placeDep ROOT @mapbox/geojson-rewind@0.5.2 OK for: maplibre-gl@5.19.0 want: ^0.5.2
211 silly placeDep ROOT @mapbox/jsonlint-lines-primitives@2.0.2 OK for: maplibre-gl@5.19.0 want: ^2.0.2
212 silly placeDep ROOT @mapbox/point-geometry@1.1.0 OK for: maplibre-gl@5.19.0 want: ^1.1.0
213 silly placeDep ROOT @mapbox/tiny-sdf@2.0.7 OK for: maplibre-gl@5.19.0 want: ^2.0.7
214 silly placeDep ROOT @mapbox/unitbezier@0.0.1 OK for: maplibre-gl@5.19.0 want: ^0.0.1
215 silly placeDep ROOT @mapbox/vector-tile@2.0.4 OK for: maplibre-gl@5.19.0 want: ^2.0.4
216 silly placeDep ROOT @mapbox/whoots-js@3.1.0 OK for: maplibre-gl@5.19.0 want: ^3.1.0
217 silly placeDep ROOT @maplibre/geojson-vt@5.0.4 OK for: maplibre-gl@5.19.0 want: ^5.0.4
218 silly placeDep ROOT @maplibre/maplibre-gl-style-spec@24.6.0 OK for: maplibre-gl@5.19.0 want: ^24.4.1
219 silly placeDep ROOT @maplibre/mlt@1.1.6 OK for: maplibre-gl@5.19.0 want: ^1.1.6
220 silly placeDep ROOT @maplibre/vt-pbf@4.3.0 OK for: maplibre-gl@5.19.0 want: ^4.2.1
221 silly placeDep ROOT @types/geojson@7946.0.16 OK for: maplibre-gl@5.19.0 want: ^7946.0.16
222 silly placeDep ROOT @types/supercluster@7.1.3 OK for: maplibre-gl@5.19.0 want: ^7.1.3
223 silly placeDep ROOT earcut@3.0.2 OK for: maplibre-gl@5.19.0 want: ^3.0.2
224 silly placeDep ROOT gl-matrix@3.4.4 OK for: maplibre-gl@5.19.0 want: ^3.4.4
225 silly placeDep ROOT kdbush@4.0.2 OK for: maplibre-gl@5.19.0 want: ^4.0.2
226 silly placeDep ROOT murmurhash-js@1.0.0 OK for: maplibre-gl@5.19.0 want: ^1.0.0
227 silly placeDep ROOT pbf@4.0.1 OK for: maplibre-gl@5.19.0 want: ^4.0.1
228 silly placeDep ROOT potpack@2.1.0 OK for: maplibre-gl@5.19.0 want: ^2.1.0
229 silly placeDep ROOT quickselect@3.0.0 OK for: maplibre-gl@5.19.0 want: ^3.0.0
230 silly placeDep ROOT supercluster@8.0.1 OK for: maplibre-gl@5.19.0 want: ^8.0.1
231 silly placeDep ROOT tinyqueue@3.0.0 OK for: maplibre-gl@5.19.0 want: ^3.0.0
232 silly fetch manifest get-stream@^6.0.1
233 silly packumentCache full:https://registry.npmjs.org/get-stream cache-miss
234 silly fetch manifest json-stringify-pretty-compact@^4.0.0
235 silly packumentCache full:https://registry.npmjs.org/json-stringify-pretty-compact cache-miss
236 silly fetch manifest rw@^1.3.3
237 silly packumentCache full:https://registry.npmjs.org/rw cache-miss
238 silly fetch manifest resolve-protobuf-schema@^2.1.0
239 silly packumentCache full:https://registry.npmjs.org/resolve-protobuf-schema cache-miss
240 http fetch GET 200 https://registry.npmjs.org/get-stream 46ms (cache revalidated)
241 silly packumentCache full:https://registry.npmjs.org/get-stream set size:57536 disposed:false
242 http fetch GET 200 https://registry.npmjs.org/rw 297ms (cache miss)
243 silly packumentCache full:https://registry.npmjs.org/rw set size:undefined disposed:false
244 http fetch GET 200 https://registry.npmjs.org/resolve-protobuf-schema 312ms (cache miss)
245 silly packumentCache full:https://registry.npmjs.org/resolve-protobuf-schema set size:undefined disposed:false
246 http fetch GET 200 https://registry.npmjs.org/json-stringify-pretty-compact 831ms (cache miss)
247 silly packumentCache full:https://registry.npmjs.org/json-stringify-pretty-compact set size:undefined disposed:false
248 silly placeDep ROOT get-stream@6.0.1 OK for: @mapbox/geojson-rewind@0.5.2 want: ^6.0.1
249 silly placeDep ROOT json-stringify-pretty-compact@4.0.0 OK for: @maplibre/maplibre-gl-style-spec@24.6.0 want: ^4.0.0
250 silly placeDep ROOT rw@1.3.3 OK for: @maplibre/maplibre-gl-style-spec@24.6.0 want: ^1.3.3
251 silly placeDep ROOT @babel/runtime@7.28.6 OK for: next-auth@4.24.13 want: ^7.20.13
252 silly placeDep ROOT @panva/hkdf@1.2.1 OK for: next-auth@4.24.13 want: ^1.0.2
253 silly placeDep ROOT cookie@0.7.2 OK for: next-auth@4.24.13 want: ^0.7.0
254 silly placeDep ROOT jose@4.15.9 OK for: next-auth@4.24.13 want: ^4.15.5
255 silly placeDep ROOT oauth@0.9.15 OK for: next-auth@4.24.13 want: ^0.9.15
256 silly placeDep ROOT openid-client@5.7.1 OK for: next-auth@4.24.13 want: ^5.4.0
257 silly placeDep ROOT preact@10.28.4 OK for: next-auth@4.24.13 want: ^10.6.3
258 silly placeDep ROOT preact-render-to-string@5.2.6 OK for: next-auth@4.24.13 want: ^5.1.19
259 silly placeDep ROOT uuid@8.3.2 OK for: next-auth@4.24.13 want: ^8.3.2
260 silly fetch manifest lru-cache@^6.0.0
261 silly packumentCache full:https://registry.npmjs.org/lru-cache cache-miss
262 silly fetch manifest object-hash@^2.2.0
263 silly packumentCache full:https://registry.npmjs.org/object-hash cache-miss
264 silly fetch manifest oidc-token-hash@^5.0.3
265 silly packumentCache full:https://registry.npmjs.org/oidc-token-hash cache-miss
266 silly fetch manifest pretty-format@^3.8.0
267 silly packumentCache full:https://registry.npmjs.org/pretty-format cache-miss
268 http fetch GET 200 https://registry.npmjs.org/lru-cache 45ms (cache revalidated)
269 silly packumentCache full:https://registry.npmjs.org/lru-cache set size:413591 disposed:false
270 http fetch GET 200 https://registry.npmjs.org/oidc-token-hash 56ms (cache miss)
271 silly packumentCache full:https://registry.npmjs.org/oidc-token-hash set size:undefined disposed:false
272 http fetch GET 200 https://registry.npmjs.org/object-hash 57ms (cache miss)
273 silly packumentCache full:https://registry.npmjs.org/object-hash set size:undefined disposed:false
274 http fetch GET 200 https://registry.npmjs.org/pretty-format 62ms (cache miss)
275 silly packumentCache full:https://registry.npmjs.org/pretty-format set size:undefined disposed:false
276 silly placeDep node_modules/openid-client lru-cache@6.0.0 OK for: openid-client@5.7.1 want: ^6.0.0
277 silly placeDep ROOT object-hash@2.2.0 OK for: openid-client@5.7.1 want: ^2.2.0
278 silly placeDep ROOT oidc-token-hash@5.2.0 OK for: openid-client@5.7.1 want: ^5.0.3
279 silly fetch manifest yallist@^4.0.0
280 silly packumentCache full:https://registry.npmjs.org/yallist cache-miss
281 http fetch GET 200 https://registry.npmjs.org/yallist 40ms (cache revalidated)
282 silly packumentCache full:https://registry.npmjs.org/yallist set size:34610 disposed:false
283 silly placeDep ROOT resolve-protobuf-schema@2.1.0 OK for: pbf@4.0.1 want: ^2.1.0
284 silly fetch manifest protocol-buffers-schema@^3.3.1
285 silly packumentCache full:https://registry.npmjs.org/protocol-buffers-schema cache-miss
286 http fetch GET 200 https://registry.npmjs.org/protocol-buffers-schema 5163ms (cache miss)
287 silly packumentCache full:https://registry.npmjs.org/protocol-buffers-schema set size:undefined disposed:false
288 silly placeDep ROOT pretty-format@3.8.0 OK for: preact-render-to-string@5.2.6 want: ^3.8.0
289 silly fetch manifest react@>=16.3.0
290 silly packumentCache full:https://registry.npmjs.org/react cache-miss
291 http cache https://registry.npmjs.org/react 16ms (cache hit)
292 silly packumentCache full:https://registry.npmjs.org/react set size:6523821 disposed:false
293 silly fetch manifest react-dom@>=16.3.0
294 silly packumentCache full:https://registry.npmjs.org/react-dom cache-miss
295 http cache https://registry.npmjs.org/react-dom 24ms (cache hit)
296 silly packumentCache full:https://registry.npmjs.org/react-dom set size:8651400 disposed:false
297 silly fetch manifest maplibre-gl@>=1.13.0
298 silly packumentCache full:https://registry.npmjs.org/maplibre-gl cache-miss
299 http cache https://registry.npmjs.org/maplibre-gl 4ms (cache hit)
300 silly packumentCache full:https://registry.npmjs.org/maplibre-gl set size:1319692 disposed:false
301 silly placeDep ROOT @vis.gl/react-mapbox@8.1.0 OK for: react-map-gl@8.1.0 want: 8.1.0
302 silly placeDep ROOT @vis.gl/react-maplibre@8.1.0 OK for: react-map-gl@8.1.0 want: 8.1.0
303 silly fetch manifest @maplibre/maplibre-gl-style-spec@^19.2.1
304 silly packumentCache full:https://registry.npmjs.org/@maplibre%2fmaplibre-gl-style-spec cache-miss
305 http cache https://registry.npmjs.org/@maplibre%2fmaplibre-gl-style-spec 4ms (cache hit)
306 silly packumentCache full:https://registry.npmjs.org/@maplibre%2fmaplibre-gl-style-spec set size:289439 disposed:false
307 silly placeDep node_modules/@vis.gl/react-maplibre @maplibre/maplibre-gl-style-spec@19.3.3 OK for: @vis.gl/react-maplibre@8.1.0 want: ^19.2.1
308 silly fetch manifest sort-object@^3.0.3
309 silly packumentCache full:https://registry.npmjs.org/sort-object cache-miss
310 silly fetch manifest json-stringify-pretty-compact@^3.0.0
311 silly packumentCache full:https://registry.npmjs.org/json-stringify-pretty-compact cache-miss
312 http cache https://registry.npmjs.org/json-stringify-pretty-compact 2ms (cache hit)
313 silly packumentCache full:https://registry.npmjs.org/json-stringify-pretty-compact set size:24867 disposed:false
314 http fetch GET 200 https://registry.npmjs.org/sort-object 296ms (cache miss)
315 silly packumentCache full:https://registry.npmjs.org/sort-object set size:undefined disposed:false
316 silly placeDep ROOT protocol-buffers-schema@3.6.0 OK for: resolve-protobuf-schema@2.1.0 want: ^3.3.1
317 silly placeDep node_modules/@vis.gl/react-maplibre json-stringify-pretty-compact@3.0.0 OK for: @maplibre/maplibre-gl-style-spec@19.3.3 want: ^3.0.0
318 silly placeDep ROOT sort-object@3.0.3 OK for: @maplibre/maplibre-gl-style-spec@19.3.3 want: ^3.0.3
319 silly fetch manifest bytewise@^1.1.0
320 silly packumentCache full:https://registry.npmjs.org/bytewise cache-miss
321 silly fetch manifest get-value@^2.0.2
322 silly packumentCache full:https://registry.npmjs.org/get-value cache-miss
323 silly fetch manifest is-extendable@^0.1.1
324 silly packumentCache full:https://registry.npmjs.org/is-extendable cache-miss
325 silly fetch manifest sort-asc@^0.2.0
326 silly packumentCache full:https://registry.npmjs.org/sort-asc cache-miss
327 silly fetch manifest sort-desc@^0.2.0
328 silly packumentCache full:https://registry.npmjs.org/sort-desc cache-miss
329 silly fetch manifest union-value@^1.0.1
330 silly packumentCache full:https://registry.npmjs.org/union-value cache-miss
331 http fetch GET 200 https://registry.npmjs.org/is-extendable 46ms (cache miss)
332 silly packumentCache full:https://registry.npmjs.org/is-extendable set size:undefined disposed:false
333 http fetch GET 200 https://registry.npmjs.org/union-value 306ms (cache miss)
334 silly packumentCache full:https://registry.npmjs.org/union-value set size:undefined disposed:false
335 http fetch GET 200 https://registry.npmjs.org/sort-desc 308ms (cache miss)
336 silly packumentCache full:https://registry.npmjs.org/sort-desc set size:undefined disposed:false
337 http fetch GET 200 https://registry.npmjs.org/bytewise 317ms (cache miss)
338 silly packumentCache full:https://registry.npmjs.org/bytewise set size:undefined disposed:false
339 http fetch GET 200 https://registry.npmjs.org/get-value 827ms (cache miss)
340 silly packumentCache full:https://registry.npmjs.org/get-value set size:undefined disposed:false
341 http fetch GET 200 https://registry.npmjs.org/sort-asc 852ms (cache miss)
342 silly packumentCache full:https://registry.npmjs.org/sort-asc set size:undefined disposed:false
343 silly placeDep ROOT bytewise@1.1.0 OK for: sort-object@3.0.3 want: ^1.1.0
344 silly placeDep ROOT get-value@2.0.6 OK for: sort-object@3.0.3 want: ^2.0.2
345 silly placeDep ROOT is-extendable@0.1.1 OK for: sort-object@3.0.3 want: ^0.1.1
346 silly placeDep ROOT sort-asc@0.2.0 OK for: sort-object@3.0.3 want: ^0.2.0
347 silly placeDep ROOT sort-desc@0.2.0 OK for: sort-object@3.0.3 want: ^0.2.0
348 silly placeDep ROOT union-value@1.0.1 OK for: sort-object@3.0.3 want: ^1.0.1
349 silly fetch manifest bytewise-core@^1.2.2
350 silly packumentCache full:https://registry.npmjs.org/bytewise-core cache-miss
351 silly fetch manifest typewise@^1.0.3
352 silly packumentCache full:https://registry.npmjs.org/typewise cache-miss
353 silly fetch manifest arr-union@^3.1.0
354 silly packumentCache full:https://registry.npmjs.org/arr-union cache-miss
355 silly fetch manifest set-value@^2.0.1
356 silly packumentCache full:https://registry.npmjs.org/set-value cache-miss
357 http fetch GET 200 https://registry.npmjs.org/arr-union 50ms (cache miss)
358 silly packumentCache full:https://registry.npmjs.org/arr-union set size:undefined disposed:false
359 http fetch GET 200 https://registry.npmjs.org/typewise 384ms (cache miss)
360 silly packumentCache full:https://registry.npmjs.org/typewise set size:undefined disposed:false
361 http fetch GET 200 https://registry.npmjs.org/set-value 385ms (cache miss)
362 silly packumentCache full:https://registry.npmjs.org/set-value set size:undefined disposed:false
363 http fetch GET 200 https://registry.npmjs.org/bytewise-core 925ms (cache miss)
364 silly packumentCache full:https://registry.npmjs.org/bytewise-core set size:undefined disposed:false
365 silly placeDep ROOT bytewise-core@1.2.3 OK for: bytewise@1.1.0 want: ^1.2.2
366 silly placeDep ROOT typewise@1.0.3 OK for: bytewise@1.1.0 want: ^1.0.3
367 silly fetch manifest typewise-core@^1.2
368 silly packumentCache full:https://registry.npmjs.org/typewise-core cache-miss
369 silly fetch manifest typewise-core@^1.2.0
370 silly packumentCache full:https://registry.npmjs.org/typewise-core cache-miss
371 http fetch GET 200 https://registry.npmjs.org/typewise-core 304ms (cache miss)
372 silly packumentCache full:https://registry.npmjs.org/typewise-core set size:undefined disposed:false
373 http fetch GET 200 https://registry.npmjs.org/typewise-core 305ms (cache miss)
374 silly packumentCache full:https://registry.npmjs.org/typewise-core set size:undefined disposed:false
375 silly placeDep ROOT typewise-core@1.2.0 OK for: bytewise-core@1.2.3 want: ^1.2
376 silly placeDep ROOT arr-union@3.1.0 OK for: union-value@1.0.1 want: ^3.1.0
377 silly placeDep ROOT set-value@2.0.1 OK for: union-value@1.0.1 want: ^2.0.1
378 silly fetch manifest extend-shallow@^2.0.1
379 silly packumentCache full:https://registry.npmjs.org/extend-shallow cache-miss
380 silly fetch manifest is-plain-object@^2.0.3
381 silly packumentCache full:https://registry.npmjs.org/is-plain-object cache-miss
382 silly fetch manifest split-string@^3.0.1
383 silly packumentCache full:https://registry.npmjs.org/split-string cache-miss
384 http fetch GET 200 https://registry.npmjs.org/extend-shallow 50ms (cache miss)
385 silly packumentCache full:https://registry.npmjs.org/extend-shallow set size:undefined disposed:false
386 http fetch GET 200 https://registry.npmjs.org/is-plain-object 51ms (cache miss)
387 silly packumentCache full:https://registry.npmjs.org/is-plain-object set size:undefined disposed:false
388 http fetch GET 200 https://registry.npmjs.org/split-string 851ms (cache miss)
389 silly packumentCache full:https://registry.npmjs.org/split-string set size:undefined disposed:false
390 silly placeDep ROOT extend-shallow@2.0.1 OK for: set-value@2.0.1 want: ^2.0.1
391 silly placeDep ROOT is-plain-object@2.0.4 OK for: set-value@2.0.1 want: ^2.0.3
392 silly placeDep ROOT split-string@3.1.0 OK for: set-value@2.0.1 want: ^3.0.1
393 silly fetch manifest isobject@^3.0.1
394 silly packumentCache full:https://registry.npmjs.org/isobject cache-miss
395 silly fetch manifest extend-shallow@^3.0.0
396 silly packumentCache full:https://registry.npmjs.org/extend-shallow cache-miss
397 http cache https://registry.npmjs.org/extend-shallow 3ms (cache hit)
398 silly packumentCache full:https://registry.npmjs.org/extend-shallow set size:30182 disposed:false
399 http fetch GET 200 https://registry.npmjs.org/isobject 56ms (cache miss)
400 silly packumentCache full:https://registry.npmjs.org/isobject set size:undefined disposed:false
401 silly placeDep ROOT isobject@3.0.1 OK for: is-plain-object@2.0.4 want: ^3.0.1
402 silly placeDep node_modules/split-string extend-shallow@3.0.2 OK for: split-string@3.1.0 want: ^3.0.0
403 silly fetch manifest assign-symbols@^1.0.0
404 silly packumentCache full:https://registry.npmjs.org/assign-symbols cache-miss
405 silly fetch manifest is-extendable@^1.0.1
406 silly packumentCache full:https://registry.npmjs.org/is-extendable cache-miss
407 http cache https://registry.npmjs.org/is-extendable 4ms (cache hit)
408 silly packumentCache full:https://registry.npmjs.org/is-extendable set size:12265 disposed:false
409 http fetch GET 200 https://registry.npmjs.org/assign-symbols 296ms (cache miss)
410 silly packumentCache full:https://registry.npmjs.org/assign-symbols set size:undefined disposed:false
411 silly placeDep node_modules/openid-client yallist@4.0.0 OK for: lru-cache@6.0.0 want: ^4.0.0
412 silly placeDep ROOT assign-symbols@1.0.0 OK for: extend-shallow@3.0.2 want: ^1.0.0
413 silly placeDep node_modules/split-string is-extendable@1.0.1 OK for: extend-shallow@3.0.2 want: ^1.0.1
414 silly reify moves {}
415 silly audit bulk request {
415 silly audit   '@alloc/quick-lru': [ '5.2.0' ],
415 silly audit   '@babel/code-frame': [ '7.29.0' ],
415 silly audit   '@babel/compat-data': [ '7.29.0' ],
415 silly audit   '@babel/core': [ '7.29.0' ],
415 silly audit   '@babel/generator': [ '7.29.1' ],
415 silly audit   '@babel/helper-compilation-targets': [ '7.28.6' ],
415 silly audit   '@babel/helper-globals': [ '7.28.0' ],
415 silly audit   '@babel/helper-module-imports': [ '7.28.6' ],
415 silly audit   '@babel/helper-module-transforms': [ '7.28.6' ],
415 silly audit   '@babel/helper-string-parser': [ '7.27.1' ],
415 silly audit   '@babel/helper-validator-identifier': [ '7.28.5' ],
415 silly audit   '@babel/helper-validator-option': [ '7.27.1' ],
415 silly audit   '@babel/helpers': [ '7.28.6' ],
415 silly audit   '@babel/parser': [ '7.29.0' ],
415 silly audit   '@babel/template': [ '7.28.6' ],
415 silly audit   '@babel/traverse': [ '7.29.0' ],
415 silly audit   '@babel/types': [ '7.29.0' ],
415 silly audit   '@emnapi/core': [ '1.8.1' ],
415 silly audit   '@emnapi/runtime': [ '1.8.1' ],
415 silly audit   '@emnapi/wasi-threads': [ '1.1.0' ],
415 silly audit   '@eslint-community/eslint-utils': [ '4.9.1' ],
415 silly audit   'eslint-visitor-keys': [ '3.4.3', '5.0.1', '4.2.1' ],
415 silly audit   '@eslint-community/regexpp': [ '4.12.2' ],
415 silly audit   '@eslint/config-array': [ '0.21.1' ],
415 silly audit   '@eslint/config-helpers': [ '0.4.2' ],
415 silly audit   '@eslint/core': [ '0.17.0' ],
415 silly audit   '@eslint/eslintrc': [ '3.3.4' ],
415 silly audit   '@eslint/js': [ '9.39.3' ],
415 silly audit   '@eslint/object-schema': [ '2.1.7' ],
415 silly audit   '@eslint/plugin-kit': [ '0.4.1' ],
415 silly audit   '@humanfs/core': [ '0.19.1' ],
415 silly audit   '@humanfs/node': [ '0.16.7' ],
415 silly audit   '@humanwhocodes/module-importer': [ '1.0.1' ],
415 silly audit   '@humanwhocodes/retry': [ '0.4.3' ],
415 silly audit   '@img/colour': [ '1.1.0' ],
415 silly audit   '@img/sharp-darwin-arm64': [ '0.34.5' ],
415 silly audit   '@img/sharp-darwin-x64': [ '0.34.5' ],
415 silly audit   '@img/sharp-libvips-darwin-arm64': [ '1.2.4' ],
415 silly audit   '@img/sharp-libvips-darwin-x64': [ '1.2.4' ],
415 silly audit   '@img/sharp-libvips-linux-arm': [ '1.2.4' ],
415 silly audit   '@img/sharp-libvips-linux-arm64': [ '1.2.4' ],
415 silly audit   '@img/sharp-libvips-linux-ppc64': [ '1.2.4' ],
415 silly audit   '@img/sharp-libvips-linux-riscv64': [ '1.2.4' ],
415 silly audit   '@img/sharp-libvips-linux-s390x': [ '1.2.4' ],
415 silly audit   '@img/sharp-libvips-linux-x64': [ '1.2.4' ],
415 silly audit   '@img/sharp-libvips-linuxmusl-arm64': [ '1.2.4' ],
415 silly audit   '@img/sharp-libvips-linuxmusl-x64': [ '1.2.4' ],
415 silly audit   '@img/sharp-linux-arm': [ '0.34.5' ],
415 silly audit   '@img/sharp-linux-arm64': [ '0.34.5' ],
415 silly audit   '@img/sharp-linux-ppc64': [ '0.34.5' ],
415 silly audit   '@img/sharp-linux-riscv64': [ '0.34.5' ],
415 silly audit   '@img/sharp-linux-s390x': [ '0.34.5' ],
415 silly audit   '@img/sharp-linux-x64': [ '0.34.5' ],
415 silly audit   '@img/sharp-linuxmusl-arm64': [ '0.34.5' ],
415 silly audit   '@img/sharp-linuxmusl-x64': [ '0.34.5' ],
415 silly audit   '@img/sharp-wasm32': [ '0.34.5' ],
415 silly audit   '@img/sharp-win32-arm64': [ '0.34.5' ],
415 silly audit   '@img/sharp-win32-ia32': [ '0.34.5' ],
415 silly audit   '@img/sharp-win32-x64': [ '0.34.5' ],
415 silly audit   '@jridgewell/gen-mapping': [ '0.3.13' ],
415 silly audit   '@jridgewell/remapping': [ '2.3.5' ],
415 silly audit   '@jridgewell/resolve-uri': [ '3.1.2' ],
415 silly audit   '@jridgewell/sourcemap-codec': [ '1.5.5' ],
415 silly audit   '@jridgewell/trace-mapping': [ '0.3.31' ],
415 silly audit   '@napi-rs/wasm-runtime': [ '0.2.12' ],
415 silly audit   '@next/env': [ '16.1.6' ],
415 silly audit   '@next/eslint-plugin-next': [ '16.1.6' ],
415 silly audit   '@next/swc-darwin-arm64': [ '16.1.6' ],
415 silly audit   '@next/swc-darwin-x64': [ '16.1.6' ],
415 silly audit   '@next/swc-linux-arm64-gnu': [ '16.1.6' ],
415 silly audit   '@next/swc-linux-arm64-musl': [ '16.1.6' ],
415 silly audit   '@next/swc-linux-x64-gnu': [ '16.1.6' ],
415 silly audit   '@next/swc-linux-x64-musl': [ '16.1.6' ],
415 silly audit   '@next/swc-win32-arm64-msvc': [ '16.1.6' ],
415 silly audit   '@next/swc-win32-x64-msvc': [ '16.1.6' ],
415 silly audit   '@nodelib/fs.scandir': [ '2.1.5' ],
415 silly audit   '@nodelib/fs.stat': [ '2.0.5' ],
415 silly audit   '@nodelib/fs.walk': [ '1.2.8' ],
415 silly audit   '@nolyfill/is-core-module': [ '1.0.39' ],
415 silly audit   '@radix-ui/react-compose-refs': [ '1.1.2' ],
415 silly audit   '@radix-ui/react-slot': [ '1.2.4' ],
415 silly audit   '@rtsao/scc': [ '1.1.0' ],
415 silly audit   '@swc/helpers': [ '0.5.15' ],
415 silly audit   '@tailwindcss/node': [ '4.2.1' ],
415 silly audit   '@tailwindcss/oxide': [ '4.2.1' ],
415 silly audit   '@tailwindcss/oxide-android-arm64': [ '4.2.1' ],
415 silly audit   '@tailwindcss/oxide-darwin-arm64': [ '4.2.1' ],
415 silly audit   '@tailwindcss/oxide-darwin-x64': [ '4.2.1' ],
415 silly audit   '@tailwindcss/oxide-freebsd-x64': [ '4.2.1' ],
415 silly audit   '@tailwindcss/oxide-linux-arm-gnueabihf': [ '4.2.1' ],
415 silly audit   '@tailwindcss/oxide-linux-arm64-gnu': [ '4.2.1' ],
415 silly audit   '@tailwindcss/oxide-linux-arm64-musl': [ '4.2.1' ],
415 silly audit   '@tailwindcss/oxide-linux-x64-gnu': [ '4.2.1' ],
415 silly audit   '@tailwindcss/oxide-linux-x64-musl': [ '4.2.1' ],
415 silly audit   '@tailwindcss/oxide-wasm32-wasi': [ '4.2.1' ],
415 silly audit   '@tailwindcss/oxide-win32-arm64-msvc': [ '4.2.1' ],
415 silly audit   '@tailwindcss/oxide-win32-x64-msvc': [ '4.2.1' ],
415 silly audit   '@tailwindcss/postcss': [ '4.2.1' ],
415 silly audit   '@tybys/wasm-util': [ '0.10.1' ],
415 silly audit   '@types/estree': [ '1.0.8' ],
415 silly audit   '@types/json-schema': [ '7.0.15' ],
415 silly audit   '@types/json5': [ '0.0.29' ],
415 silly audit   '@types/node': [ '20.19.35' ],
415 silly audit   '@types/react': [ '19.2.14' ],
415 silly audit   '@types/react-dom': [ '19.2.3' ],
415 silly audit   '@typescript-eslint/eslint-plugin': [ '8.56.1' ],
415 silly audit   ignore: [ '7.0.5', '5.3.2' ],
415 silly audit   '@typescript-eslint/parser': [ '8.56.1' ],
415 silly audit   '@typescript-eslint/project-service': [ '8.56.1' ],
415 silly audit   '@typescript-eslint/scope-manager': [ '8.56.1' ],
415 silly audit   '@typescript-eslint/tsconfig-utils': [ '8.56.1' ],
415 silly audit   '@typescript-eslint/type-utils': [ '8.56.1' ],
415 silly audit   '@typescript-eslint/types': [ '8.56.1' ],
415 silly audit   '@typescript-eslint/typescript-estree': [ '8.56.1' ],
415 silly audit   'balanced-match': [ '4.0.4', '1.0.2' ],
415 silly audit   'brace-expansion': [ '5.0.4', '1.1.12' ],
415 silly audit   minimatch: [ '10.2.4', '3.1.5' ],
415 silly audit   semver: [ '7.7.4', '6.3.1' ],
415 silly audit   '@typescript-eslint/utils': [ '8.56.1' ],
415 silly audit   '@typescript-eslint/visitor-keys': [ '8.56.1' ],
415 silly audit   '@unrs/resolver-binding-android-arm-eabi': [ '1.11.1' ],
415 silly audit   '@unrs/resolver-binding-android-arm64': [ '1.11.1' ],
415 silly audit   '@unrs/resolver-binding-darwin-arm64': [ '1.11.1' ],
415 silly audit   '@unrs/resolver-binding-darwin-x64': [ '1.11.1' ],
415 silly audit   '@unrs/resolver-binding-freebsd-x64': [ '1.11.1' ],
415 silly audit   '@unrs/resolver-binding-linux-arm-gnueabihf': [ '1.11.1' ],
415 silly audit   '@unrs/resolver-binding-linux-arm-musleabihf': [ '1.11.1' ],
415 silly audit   '@unrs/resolver-binding-linux-arm64-gnu': [ '1.11.1' ],
415 silly audit   '@unrs/resolver-binding-linux-arm64-musl': [ '1.11.1' ],
415 silly audit   '@unrs/resolver-binding-linux-ppc64-gnu': [ '1.11.1' ],
415 silly audit   '@unrs/resolver-binding-linux-riscv64-gnu': [ '1.11.1' ],
415 silly audit   '@unrs/resolver-binding-linux-riscv64-musl': [ '1.11.1' ],
415 silly audit   '@unrs/resolver-binding-linux-s390x-gnu': [ '1.11.1' ],
415 silly audit   '@unrs/resolver-binding-linux-x64-gnu': [ '1.11.1' ],
415 silly audit   '@unrs/resolver-binding-linux-x64-musl': [ '1.11.1' ],
415 silly audit   '@unrs/resolver-binding-wasm32-wasi': [ '1.11.1' ],
415 silly audit   '@unrs/resolver-binding-win32-arm64-msvc': [ '1.11.1' ],
415 silly audit   '@unrs/resolver-binding-win32-ia32-msvc': [ '1.11.1' ],
415 silly audit   '@unrs/resolver-binding-win32-x64-msvc': [ '1.11.1' ],
415 silly audit   acorn: [ '8.16.0' ],
415 silly audit   'acorn-jsx': [ '5.3.2' ],
415 silly audit   ajv: [ '6.14.0' ],
415 silly audit   'ansi-styles': [ '4.3.0' ],
415 silly audit   argparse: [ '2.0.1' ],
415 silly audit   'aria-query': [ '5.3.2' ],
415 silly audit   'array-buffer-byte-length': [ '1.0.2' ],
415 silly audit   'array-includes': [ '3.1.9' ],
415 silly audit   'array.prototype.findlast': [ '1.2.5' ],
415 silly audit   'array.prototype.findlastindex': [ '1.2.6' ],
415 silly audit   'array.prototype.flat': [ '1.3.3' ],
415 silly audit   'array.prototype.flatmap': [ '1.3.3' ],
415 silly audit   'array.prototype.tosorted': [ '1.1.4' ],
415 silly audit   'arraybuffer.prototype.slice': [ '1.0.4' ],
415 silly audit   'ast-types-flow': [ '0.0.8' ],
415 silly audit   'async-function': [ '1.0.0' ],
415 silly audit   'available-typed-arrays': [ '1.0.7' ],
415 silly audit   'axe-core': [ '4.11.1' ],
415 silly audit   'axobject-query': [ '4.1.0' ],
415 silly audit   'baseline-browser-mapping': [ '2.10.0' ],
415 silly audit   braces: [ '3.0.3' ],
415 silly audit   browserslist: [ '4.28.1' ],
415 silly audit   'call-bind': [ '1.0.8' ],
415 silly audit   'call-bind-apply-helpers': [ '1.0.2' ],
415 silly audit   'call-bound': [ '1.0.4' ],
415 silly audit   callsites: [ '3.1.0' ],
415 silly audit   'caniuse-lite': [ '1.0.30001775' ],
415 silly audit   chalk: [ '4.1.2' ],
415 silly audit   'class-variance-authority': [ '0.7.1' ],
415 silly audit   'client-only': [ '0.0.1' ],
415 silly audit   clsx: [ '2.1.1' ],
415 silly audit   'color-convert': [ '2.0.1' ],
415 silly audit   'color-name': [ '1.1.4' ],
415 silly audit   'concat-map': [ '0.0.1' ],
415 silly audit   'convert-source-map': [ '2.0.0' ],
415 silly audit   'cross-spawn': [ '7.0.6' ],
415 silly audit   csstype: [ '3.2.3' ],
415 silly audit   'damerau-levenshtein': [ '1.0.8' ],
415 silly audit   'data-view-buffer': [ '1.0.2' ],
415 silly audit   'data-view-byte-length': [ '1.0.2' ],
415 silly audit   'data-view-byte-offset': [ '1.0.1' ],
415 silly audit   debug: [ '4.4.3', '3.2.7' ],
415 silly audit   'deep-is': [ '0.1.4' ],
415 silly audit   'define-data-property': [ '1.1.4' ],
415 silly audit   'define-properties': [ '1.2.1' ],
415 silly audit   'detect-libc': [ '2.1.2' ],
415 silly audit   doctrine: [ '2.1.0' ],
415 silly audit   'dunder-proto': [ '1.0.1' ],
415 silly audit   'electron-to-chromium': [ '1.5.302' ],
415 silly audit   'emoji-regex': [ '9.2.2' ],
415 silly audit   'enhanced-resolve': [ '5.20.0' ],
415 silly audit   'es-abstract': [ '1.24.1' ],
415 silly audit   'es-define-property': [ '1.0.1' ],
415 silly audit   'es-errors': [ '1.3.0' ],
415 silly audit   'es-iterator-helpers': [ '1.2.2' ],
415 silly audit   'es-object-atoms': [ '1.1.1' ],
415 silly audit   'es-set-tostringtag': [ '2.1.0' ],
415 silly audit   'es-shim-unscopables': [ '1.1.0' ],
415 silly audit   'es-to-primitive': [ '1.3.0' ],
415 silly audit   escalade: [ '3.2.0' ],
415 silly audit   'escape-string-regexp': [ '4.0.0' ],
415 silly audit   eslint: [ '9.39.3' ],
415 silly audit   'eslint-config-next': [ '16.1.6' ],
415 silly audit   globals: [ '16.4.0', '14.0.0' ],
415 silly audit   'eslint-import-resolver-node': [ '0.3.9' ],
415 silly audit   'eslint-import-resolver-typescript': [ '3.10.1' ],
415 silly audit   'eslint-module-utils': [ '2.12.1' ],
415 silly audit   'eslint-plugin-import': [ '2.32.0' ],
415 silly audit   'eslint-plugin-jsx-a11y': [ '6.10.2' ],
415 silly audit   'eslint-plugin-react': [ '7.37.5' ],
415 silly audit   'eslint-plugin-react-hooks': [ '7.0.1' ],
415 silly audit   resolve: [ '2.0.0-next.6', '1.22.11' ],
415 silly audit   'eslint-scope': [ '8.4.0' ],
415 silly audit   espree: [ '10.4.0' ],
415 silly audit   esquery: [ '1.7.0' ],
415 silly audit   esrecurse: [ '4.3.0' ],
415 silly audit   estraverse: [ '5.3.0' ],
415 silly audit   esutils: [ '2.0.3' ],
415 silly audit   'fast-deep-equal': [ '3.1.3' ],
415 silly audit   'fast-glob': [ '3.3.1' ],
415 silly audit   'glob-parent': [ '5.1.2', '6.0.2' ],
415 silly audit   'fast-json-stable-stringify': [ '2.1.0' ],
415 silly audit   'fast-levenshtein': [ '2.0.6' ],
415 silly audit   fastq: [ '1.20.1' ],
415 silly audit   'file-entry-cache': [ '8.0.0' ],
415 silly audit   'fill-range': [ '7.1.1' ],
415 silly audit   'find-up': [ '5.0.0' ],
415 silly audit   'flat-cache': [ '4.0.1' ],
415 silly audit   flatted: [ '3.3.3' ],
415 silly audit   'for-each': [ '0.3.5' ],
415 silly audit   'framer-motion': [ '12.34.3' ],
415 silly audit   'function-bind': [ '1.1.2' ],
415 silly audit   'function.prototype.name': [ '1.1.8' ],
415 silly audit   'functions-have-names': [ '1.2.3' ],
415 silly audit   'generator-function': [ '2.0.1' ],
415 silly audit   gensync: [ '1.0.0-beta.2' ],
415 silly audit   'get-intrinsic': [ '1.3.0' ],
415 silly audit   'get-proto': [ '1.0.1' ],
415 silly audit   'get-symbol-description': [ '1.1.0' ],
415 silly audit   'get-tsconfig': [ '4.13.6' ],
415 silly audit   globalthis: [ '1.0.4' ],
415 silly audit   gopd: [ '1.2.0' ],
415 silly audit   'graceful-fs': [ '4.2.11' ],
415 silly audit   'has-bigints': [ '1.1.0' ],
415 silly audit   'has-flag': [ '4.0.0' ],
415 silly audit   'has-property-descriptors': [ '1.0.2' ],
415 silly audit   'has-proto': [ '1.2.0' ],
415 silly audit   'has-symbols': [ '1.1.0' ],
415 silly audit   'has-tostringtag': [ '1.0.2' ],
415 silly audit   hasown: [ '2.0.2' ],
415 silly audit   'hermes-estree': [ '0.25.1' ],
415 silly audit   'hermes-parser': [ '0.25.1' ],
415 silly audit   'import-fresh': [ '3.3.1' ],
415 silly audit   imurmurhash: [ '0.1.4' ],
415 silly audit   'internal-slot': [ '1.1.0' ],
415 silly audit   'is-array-buffer': [ '3.0.5' ],
415 silly audit   'is-async-function': [ '2.1.1' ],
415 silly audit   'is-bigint': [ '1.1.0' ],
415 silly audit   'is-boolean-object': [ '1.2.2' ],
415 silly audit   'is-bun-module': [ '2.0.0' ],
415 silly audit   'is-callable': [ '1.2.7' ],
415 silly audit   'is-core-module': [ '2.16.1' ],
415 silly audit   'is-data-view': [ '1.0.2' ],
415 silly audit   'is-date-object': [ '1.1.0' ],
415 silly audit   'is-extglob': [ '2.1.1' ],
415 silly audit   'is-finalizationregistry': [ '1.1.1' ],
415 silly audit   'is-generator-function': [ '1.1.2' ],
415 silly audit   'is-glob': [ '4.0.3' ],
415 silly audit   'is-map': [ '2.0.3' ],
415 silly audit   'is-negative-zero': [ '2.0.3' ],
415 silly audit   'is-number': [ '7.0.0' ],
415 silly audit   'is-number-object': [ '1.1.1' ],
415 silly audit   'is-regex': [ '1.2.1' ],
415 silly audit   'is-set': [ '2.0.3' ],
415 silly audit   'is-shared-array-buffer': [ '1.0.4' ],
415 silly audit   'is-string': [ '1.1.1' ],
415 silly audit   'is-symbol': [ '1.1.1' ],
415 silly audit   'is-typed-array': [ '1.1.15' ],
415 silly audit   'is-weakmap': [ '2.0.2' ],
415 silly audit   'is-weakref': [ '1.1.1' ],
415 silly audit   'is-weakset': [ '2.0.4' ],
415 silly audit   isarray: [ '2.0.5' ],
415 silly audit   isexe: [ '2.0.0' ],
415 silly audit   'iterator.prototype': [ '1.1.5' ],
415 silly audit   jiti: [ '2.6.1' ],
415 silly audit   'js-tokens': [ '4.0.0' ],
415 silly audit   'js-yaml': [ '4.1.1' ],
415 silly audit   jsesc: [ '3.1.0' ],
415 silly audit   'json-buffer': [ '3.0.1' ],
415 silly audit   'json-schema-traverse': [ '0.4.1' ],
415 silly audit   'json-stable-stringify-without-jsonify': [ '1.0.1' ],
415 silly audit   json5: [ '2.2.3', '1.0.2' ],
415 silly audit   'jsx-ast-utils': [ '3.3.5' ],
415 silly audit   keyv: [ '4.5.4' ],
415 silly audit   'language-subtag-registry': [ '0.3.23' ],
415 silly audit   'language-tags': [ '1.0.9' ],
415 silly audit   levn: [ '0.4.1' ],
415 silly audit   lightningcss: [ '1.31.1' ],
415 silly audit   'lightningcss-android-arm64': [ '1.31.1' ],
415 silly audit   'lightningcss-darwin-arm64': [ '1.31.1' ],
415 silly audit   'lightningcss-darwin-x64': [ '1.31.1' ],
415 silly audit   'lightningcss-freebsd-x64': [ '1.31.1' ],
415 silly audit   'lightningcss-linux-arm-gnueabihf': [ '1.31.1' ],
415 silly audit   'lightningcss-linux-arm64-gnu': [ '1.31.1' ],
415 silly audit   'lightningcss-linux-arm64-musl': [ '1.31.1' ],
415 silly audit   'lightningcss-linux-x64-gnu': [ '1.31.1' ],
415 silly audit   'lightningcss-linux-x64-musl': [ '1.31.1' ],
415 silly audit   'lightningcss-win32-arm64-msvc': [ '1.31.1' ],
415 silly audit   'lightningcss-win32-x64-msvc': [ '1.31.1' ],
415 silly audit   'locate-path': [ '6.0.0' ],
415 silly audit   'lodash.merge': [ '4.6.2' ],
415 silly audit   'loose-envify': [ '1.4.0' ],
415 silly audit   'lru-cache': [ '5.1.1', '6.0.0' ],
415 silly audit   'lucide-react': [ '0.575.0' ],
415 silly audit   'magic-string': [ '0.30.21' ],
415 silly audit   'math-intrinsics': [ '1.1.0' ],
415 silly audit   merge2: [ '1.4.1' ],
415 silly audit   micromatch: [ '4.0.8' ],
415 silly audit   minimist: [ '1.2.8' ],
415 silly audit   'motion-dom': [ '12.34.3' ],
415 silly audit   'motion-utils': [ '12.29.2' ],
415 silly audit   ms: [ '2.1.3' ],
415 silly audit   nanoid: [ '3.3.11' ],
415 silly audit   'napi-postinstall': [ '0.3.4' ],
415 silly audit   'natural-compare': [ '1.4.0' ],
415 silly audit   next: [ '16.1.6' ],
415 silly audit   postcss: [ '8.4.31', '8.5.6' ],
415 silly audit   'node-exports-info': [ '1.6.0' ],
415 silly audit   'node-releases': [ '2.0.27' ],
415 silly audit   'object-assign': [ '4.1.1' ],
415 silly audit   'object-inspect': [ '1.13.4' ],
415 silly audit   'object-keys': [ '1.1.1' ],
415 silly audit   'object.assign': [ '4.1.7' ],
415 silly audit   'object.entries': [ '1.1.9' ],
415 silly audit   'object.fromentries': [ '2.0.8' ],
415 silly audit   'object.groupby': [ '1.0.3' ],
415 silly audit   'object.values': [ '1.2.1' ],
415 silly audit   optionator: [ '0.9.4' ],
415 silly audit   'own-keys': [ '1.0.1' ],
415 silly audit   'p-limit': [ '3.1.0' ],
415 silly audit   'p-locate': [ '5.0.0' ],
415 silly audit   'parent-module': [ '1.0.1' ],
415 silly audit   'path-exists': [ '4.0.0' ],
415 silly audit   'path-key': [ '3.1.1' ],
415 silly audit   'path-parse': [ '1.0.7' ],
415 silly audit   picocolors: [ '1.1.1' ],
415 silly audit   picomatch: [ '2.3.1', '4.0.3' ],
415 silly audit   'possible-typed-array-names': [ '1.1.0' ],
415 silly audit   'prelude-ls': [ '1.2.1' ],
415 silly audit   'prop-types': [ '15.8.1' ],
415 silly audit   punycode: [ '2.3.1' ],
415 silly audit   'queue-microtask': [ '1.2.3' ],
415 silly audit   react: [ '19.2.3' ],
415 silly audit   'react-dom': [ '19.2.3' ],
415 silly audit   'react-is': [ '16.13.1' ],
415 silly audit   'reflect.getprototypeof': [ '1.0.10' ],
415 silly audit   'regexp.prototype.flags': [ '1.5.4' ],
415 silly audit   'resolve-from': [ '4.0.0' ],
415 silly audit   'resolve-pkg-maps': [ '1.0.0' ],
415 silly audit   reusify: [ '1.1.0' ],
415 silly audit   'run-parallel': [ '1.2.0' ],
415 silly audit   'safe-array-concat': [ '1.1.3' ],
415 silly audit   'safe-push-apply': [ '1.0.0' ],
415 silly audit   'safe-regex-test': [ '1.1.0' ],
415 silly audit   scheduler: [ '0.27.0' ],
415 silly audit   'set-function-length': [ '1.2.2' ],
415 silly audit   'set-function-name': [ '2.0.2' ],
415 silly audit   'set-proto': [ '1.0.0' ],
415 silly audit   sharp: [ '0.34.5' ],
415 silly audit   'shebang-command': [ '2.0.0' ],
415 silly audit   'shebang-regex': [ '3.0.0' ],
415 silly audit   'side-channel': [ '1.1.0' ],
415 silly audit   'side-channel-list': [ '1.0.0' ],
415 silly audit   'side-channel-map': [ '1.0.1' ],
415 silly audit   'side-channel-weakmap': [ '1.0.2' ],
415 silly audit   'source-map-js': [ '1.2.1' ],
415 silly audit   'stable-hash': [ '0.0.5' ],
415 silly audit   'stop-iteration-iterator': [ '1.1.0' ],
415 silly audit   'string.prototype.includes': [ '2.0.1' ],
415 silly audit   'string.prototype.matchall': [ '4.0.12' ],
415 silly audit   'string.prototype.repeat': [ '1.0.0' ],
415 silly audit   'string.prototype.trim': [ '1.2.10' ],
415 silly audit   'string.prototype.trimend': [ '1.0.9' ],
415 silly audit   'string.prototype.trimstart': [ '1.0.8' ],
415 silly audit   'strip-bom': [ '3.0.0' ],
415 silly audit   'strip-json-comments': [ '3.1.1' ],
415 silly audit   'styled-jsx': [ '5.1.6' ],
415 silly audit   'supports-color': [ '7.2.0' ],
415 silly audit   'supports-preserve-symlinks-flag': [ '1.0.0' ],
415 silly audit   'tailwind-merge': [ '3.5.0' ],
415 silly audit   tailwindcss: [ '4.2.1' ],
415 silly audit   tapable: [ '2.3.0' ],
415 silly audit   tinyglobby: [ '0.2.15' ],
415 silly audit   fdir: [ '6.5.0' ],
415 silly audit   'to-regex-range': [ '5.0.1' ],
415 silly audit   'ts-api-utils': [ '2.4.0' ],
415 silly audit   'tsconfig-paths': [ '3.15.0' ],
415 silly audit   tslib: [ '2.8.1' ],
415 silly audit   'type-check': [ '0.4.0' ],
415 silly audit   'typed-array-buffer': [ '1.0.3' ],
415 silly audit   'typed-array-byte-length': [ '1.0.3' ],
415 silly audit   'typed-array-byte-offset': [ '1.0.4' ],
415 silly audit   'typed-array-length': [ '1.0.7' ],
415 silly audit   typescript: [ '5.9.3' ],
415 silly audit   'typescript-eslint': [ '8.56.1' ],
415 silly audit   'unbox-primitive': [ '1.1.0' ],
415 silly audit   'undici-types': [ '6.21.0' ],
415 silly audit   'unrs-resolver': [ '1.11.1' ],
415 silly audit   'update-browserslist-db': [ '1.2.3' ],
415 silly audit   'uri-js': [ '4.4.1' ],
415 silly audit   which: [ '2.0.2' ],
415 silly audit   'which-boxed-primitive': [ '1.1.1' ],
415 silly audit   'which-builtin-type': [ '1.2.1' ],
415 silly audit   'which-collection': [ '1.0.2' ],
415 silly audit   'which-typed-array': [ '1.1.20' ],
415 silly audit   'word-wrap': [ '1.2.5' ],
415 silly audit   yallist: [ '3.1.1', '4.0.0' ],
415 silly audit   'yocto-queue': [ '0.1.0' ],
415 silly audit   zod: [ '4.3.6' ],
415 silly audit   'zod-validation-error': [ '4.0.2' ],
415 silly audit   'maplibre-gl': [ '5.19.0' ],
415 silly audit   'next-auth': [ '4.24.13' ],
415 silly audit   'react-map-gl': [ '8.1.0' ],
415 silly audit   '@mapbox/geojson-rewind': [ '0.5.2' ],
415 silly audit   '@mapbox/jsonlint-lines-primitives': [ '2.0.2' ],
415 silly audit   '@mapbox/point-geometry': [ '1.1.0' ],
415 silly audit   '@mapbox/tiny-sdf': [ '2.0.7' ],
415 silly audit   '@mapbox/unitbezier': [ '0.0.1' ],
415 silly audit   '@mapbox/vector-tile': [ '2.0.4' ],
415 silly audit   '@mapbox/whoots-js': [ '3.1.0' ],
415 silly audit   '@maplibre/geojson-vt': [ '5.0.4' ],
415 silly audit   '@maplibre/maplibre-gl-style-spec': [ '24.6.0', '19.3.3' ],
415 silly audit   '@maplibre/mlt': [ '1.1.6' ],
415 silly audit   '@maplibre/vt-pbf': [ '4.3.0' ],
415 silly audit   '@types/geojson': [ '7946.0.16' ],
415 silly audit   '@types/supercluster': [ '7.1.3' ],
415 silly audit   earcut: [ '3.0.2' ],
415 silly audit   'gl-matrix': [ '3.4.4' ],
415 silly audit   kdbush: [ '4.0.2' ],
415 silly audit   'murmurhash-js': [ '1.0.0' ],
415 silly audit   pbf: [ '4.0.1' ],
415 silly audit   potpack: [ '2.1.0' ],
415 silly audit   quickselect: [ '3.0.0' ],
415 silly audit   supercluster: [ '8.0.1' ],
415 silly audit   tinyqueue: [ '3.0.0' ],
415 silly audit   'get-stream': [ '6.0.1' ],
415 silly audit   'json-stringify-pretty-compact': [ '4.0.0', '3.0.0' ],
415 silly audit   rw: [ '1.3.3' ],
415 silly audit   '@babel/runtime': [ '7.28.6' ],
415 silly audit   '@panva/hkdf': [ '1.2.1' ],
415 silly audit   cookie: [ '0.7.2' ],
415 silly audit   jose: [ '4.15.9' ],
415 silly audit   oauth: [ '0.9.15' ],
415 silly audit   'openid-client': [ '5.7.1' ],
415 silly audit   preact: [ '10.28.4' ],
415 silly audit   'preact-render-to-string': [ '5.2.6' ],
415 silly audit   uuid: [ '8.3.2' ],
415 silly audit   'object-hash': [ '2.2.0' ],
415 silly audit   'oidc-token-hash': [ '5.2.0' ],
415 silly audit   'resolve-protobuf-schema': [ '2.1.0' ],
415 silly audit   'pretty-format': [ '3.8.0' ],
415 silly audit   '@vis.gl/react-mapbox': [ '8.1.0' ],
415 silly audit   '@vis.gl/react-maplibre': [ '8.1.0' ],
415 silly audit   'protocol-buffers-schema': [ '3.6.0' ],
415 silly audit   'sort-object': [ '3.0.3' ],
415 silly audit   bytewise: [ '1.1.0' ],
415 silly audit   'get-value': [ '2.0.6' ],
415 silly audit   'is-extendable': [ '0.1.1', '1.0.1' ],
415 silly audit   'sort-asc': [ '0.2.0' ],
415 silly audit   'sort-desc': [ '0.2.0' ],
415 silly audit   'union-value': [ '1.0.1' ],
415 silly audit   'bytewise-core': [ '1.2.3' ],
415 silly audit   typewise: [ '1.0.3' ],
415 silly audit   'typewise-core': [ '1.2.0' ],
415 silly audit   'arr-union': [ '3.1.0' ],
415 silly audit   'set-value': [ '2.0.1' ],
415 silly audit   'extend-shallow': [ '2.0.1', '3.0.2' ],
415 silly audit   'is-plain-object': [ '2.0.4' ],
415 silly audit   'split-string': [ '3.1.0' ],
415 silly audit   isobject: [ '3.0.1' ],
415 silly audit   'assign-symbols': [ '1.0.0' ]
415 silly audit }
416 http cache assign-symbols@https://registry.npmjs.org/assign-symbols/-/assign-symbols-1.0.0.tgz 0ms (cache hit)
417 http cache is-plain-object@https://registry.npmjs.org/is-plain-object/-/is-plain-object-2.0.4.tgz 0ms (cache hit)
418 http cache set-value@https://registry.npmjs.org/set-value/-/set-value-2.0.1.tgz 0ms (cache hit)
419 http cache split-string@https://registry.npmjs.org/split-string/-/split-string-3.1.0.tgz 0ms (cache hit)
420 http cache arr-union@https://registry.npmjs.org/arr-union/-/arr-union-3.1.0.tgz 0ms (cache hit)
421 http cache extend-shallow@https://registry.npmjs.org/extend-shallow/-/extend-shallow-2.0.1.tgz 0ms (cache hit)
422 http cache typewise-core@https://registry.npmjs.org/typewise-core/-/typewise-core-1.2.0.tgz 0ms (cache hit)
423 http cache typewise@https://registry.npmjs.org/typewise/-/typewise-1.0.3.tgz 0ms (cache hit)
424 http cache bytewise-core@https://registry.npmjs.org/bytewise-core/-/bytewise-core-1.2.3.tgz 0ms (cache hit)
425 http cache union-value@https://registry.npmjs.org/union-value/-/union-value-1.0.1.tgz 0ms (cache hit)
426 http cache isobject@https://registry.npmjs.org/isobject/-/isobject-3.0.1.tgz 0ms (cache hit)
427 http cache sort-desc@https://registry.npmjs.org/sort-desc/-/sort-desc-0.2.0.tgz 0ms (cache hit)
428 http cache sort-asc@https://registry.npmjs.org/sort-asc/-/sort-asc-0.2.0.tgz 0ms (cache hit)
429 http cache is-extendable@https://registry.npmjs.org/is-extendable/-/is-extendable-0.1.1.tgz 0ms (cache hit)
430 http cache get-value@https://registry.npmjs.org/get-value/-/get-value-2.0.6.tgz 0ms (cache hit)
431 http cache bytewise@https://registry.npmjs.org/bytewise/-/bytewise-1.1.0.tgz 0ms (cache hit)
432 http cache sort-object@https://registry.npmjs.org/sort-object/-/sort-object-3.0.3.tgz 0ms (cache hit)
433 http cache protocol-buffers-schema@https://registry.npmjs.org/protocol-buffers-schema/-/protocol-buffers-schema-3.6.0.tgz 0ms (cache hit)
434 http cache @vis.gl/react-mapbox@https://registry.npmjs.org/@vis.gl/react-mapbox/-/react-mapbox-8.1.0.tgz 0ms (cache hit)
435 http cache pretty-format@https://registry.npmjs.org/pretty-format/-/pretty-format-3.8.0.tgz 0ms (cache hit)
436 http cache resolve-protobuf-schema@https://registry.npmjs.org/resolve-protobuf-schema/-/resolve-protobuf-schema-2.1.0.tgz 0ms (cache hit)
437 http cache @vis.gl/react-maplibre@https://registry.npmjs.org/@vis.gl/react-maplibre/-/react-maplibre-8.1.0.tgz 0ms (cache hit)
438 http cache object-hash@https://registry.npmjs.org/object-hash/-/object-hash-2.2.0.tgz 0ms (cache hit)
439 http cache preact-render-to-string@https://registry.npmjs.org/preact-render-to-string/-/preact-render-to-string-5.2.6.tgz 0ms (cache hit)
440 http cache uuid@https://registry.npmjs.org/uuid/-/uuid-8.3.2.tgz 0ms (cache hit)
441 http cache preact@https://registry.npmjs.org/preact/-/preact-10.28.4.tgz 0ms (cache hit)
442 http cache oauth@https://registry.npmjs.org/oauth/-/oauth-0.9.15.tgz 0ms (cache hit)
443 http cache jose@https://registry.npmjs.org/jose/-/jose-4.15.9.tgz 0ms (cache hit)
444 http cache oidc-token-hash@https://registry.npmjs.org/oidc-token-hash/-/oidc-token-hash-5.2.0.tgz 0ms (cache hit)
445 http cache cookie@https://registry.npmjs.org/cookie/-/cookie-0.7.2.tgz 0ms (cache hit)
446 http cache @babel/runtime@https://registry.npmjs.org/@babel/runtime/-/runtime-7.28.6.tgz 0ms (cache hit)
447 http cache @panva/hkdf@https://registry.npmjs.org/@panva/hkdf/-/hkdf-1.2.1.tgz 0ms (cache hit)
448 http cache rw@https://registry.npmjs.org/rw/-/rw-1.3.3.tgz 0ms (cache hit)
449 http cache tinyqueue@https://registry.npmjs.org/tinyqueue/-/tinyqueue-3.0.0.tgz 0ms (cache hit)
450 http cache openid-client@https://registry.npmjs.org/openid-client/-/openid-client-5.7.1.tgz 0ms (cache hit)
451 http cache get-stream@https://registry.npmjs.org/get-stream/-/get-stream-6.0.1.tgz 0ms (cache hit)
452 http cache supercluster@https://registry.npmjs.org/supercluster/-/supercluster-8.0.1.tgz 0ms (cache hit)
453 http cache json-stringify-pretty-compact@https://registry.npmjs.org/json-stringify-pretty-compact/-/json-stringify-pretty-compact-4.0.0.tgz 0ms (cache hit)
454 http cache potpack@https://registry.npmjs.org/potpack/-/potpack-2.1.0.tgz 0ms (cache hit)
455 http cache quickselect@https://registry.npmjs.org/quickselect/-/quickselect-3.0.0.tgz 0ms (cache hit)
456 http cache pbf@https://registry.npmjs.org/pbf/-/pbf-4.0.1.tgz 0ms (cache hit)
457 http cache murmurhash-js@https://registry.npmjs.org/murmurhash-js/-/murmurhash-js-1.0.0.tgz 0ms (cache hit)
458 http cache gl-matrix@https://registry.npmjs.org/gl-matrix/-/gl-matrix-3.4.4.tgz 0ms (cache hit)
459 http cache kdbush@https://registry.npmjs.org/kdbush/-/kdbush-4.0.2.tgz 0ms (cache hit)
460 http cache earcut@https://registry.npmjs.org/earcut/-/earcut-3.0.2.tgz 0ms (cache hit)
461 http cache @types/supercluster@https://registry.npmjs.org/@types/supercluster/-/supercluster-7.1.3.tgz 0ms (cache hit)
462 http cache @maplibre/vt-pbf@https://registry.npmjs.org/@maplibre/vt-pbf/-/vt-pbf-4.3.0.tgz 0ms (cache hit)
463 http cache @maplibre/mlt@https://registry.npmjs.org/@maplibre/mlt/-/mlt-1.1.6.tgz 0ms (cache hit)
464 http cache @types/geojson@https://registry.npmjs.org/@types/geojson/-/geojson-7946.0.16.tgz 0ms (cache hit)
465 http cache @maplibre/geojson-vt@https://registry.npmjs.org/@maplibre/geojson-vt/-/geojson-vt-5.0.4.tgz 0ms (cache hit)
466 http cache @mapbox/whoots-js@https://registry.npmjs.org/@mapbox/whoots-js/-/whoots-js-3.1.0.tgz 0ms (cache hit)
467 http cache @mapbox/vector-tile@https://registry.npmjs.org/@mapbox/vector-tile/-/vector-tile-2.0.4.tgz 0ms (cache hit)
468 http cache @mapbox/tiny-sdf@https://registry.npmjs.org/@mapbox/tiny-sdf/-/tiny-sdf-2.0.7.tgz 0ms (cache hit)
469 http cache @mapbox/point-geometry@https://registry.npmjs.org/@mapbox/point-geometry/-/point-geometry-1.1.0.tgz 0ms (cache hit)
470 http cache @mapbox/unitbezier@https://registry.npmjs.org/@mapbox/unitbezier/-/unitbezier-0.0.1.tgz 0ms (cache hit)
471 http cache @mapbox/jsonlint-lines-primitives@https://registry.npmjs.org/@mapbox/jsonlint-lines-primitives/-/jsonlint-lines-primitives-2.0.2.tgz 0ms (cache hit)
472 http cache @mapbox/geojson-rewind@https://registry.npmjs.org/@mapbox/geojson-rewind/-/geojson-rewind-0.5.2.tgz 0ms (cache hit)
473 http cache @maplibre/maplibre-gl-style-spec@https://registry.npmjs.org/@maplibre/maplibre-gl-style-spec/-/maplibre-gl-style-spec-24.6.0.tgz 0ms (cache hit)
474 http cache react-map-gl@https://registry.npmjs.org/react-map-gl/-/react-map-gl-8.1.0.tgz 0ms (cache hit)
475 http cache next-auth@https://registry.npmjs.org/next-auth/-/next-auth-4.24.13.tgz 0ms (cache hit)
476 http cache maplibre-gl@https://registry.npmjs.org/maplibre-gl/-/maplibre-gl-5.19.0.tgz 0ms (cache hit)
477 http cache extend-shallow@https://registry.npmjs.org/extend-shallow/-/extend-shallow-3.0.2.tgz 0ms (cache hit)
478 http cache json-stringify-pretty-compact@https://registry.npmjs.org/json-stringify-pretty-compact/-/json-stringify-pretty-compact-3.0.0.tgz 0ms (cache hit)
479 http cache @maplibre/maplibre-gl-style-spec@https://registry.npmjs.org/@maplibre/maplibre-gl-style-spec/-/maplibre-gl-style-spec-19.3.3.tgz 0ms (cache hit)
480 http cache yallist@https://registry.npmjs.org/yallist/-/yallist-4.0.0.tgz 0ms (cache hit)
481 http cache is-extendable@https://registry.npmjs.org/is-extendable/-/is-extendable-1.0.1.tgz 0ms (cache hit)
482 http cache lru-cache@https://registry.npmjs.org/lru-cache/-/lru-cache-6.0.0.tgz 0ms (cache hit)
483 silly tarball no local data for assign-symbols@https://registry.npmjs.org/assign-symbols/-/assign-symbols-1.0.0.tgz. Extracting by manifest.
484 silly tarball no local data for is-plain-object@https://registry.npmjs.org/is-plain-object/-/is-plain-object-2.0.4.tgz. Extracting by manifest.
485 silly tarball no local data for set-value@https://registry.npmjs.org/set-value/-/set-value-2.0.1.tgz. Extracting by manifest.
486 silly tarball no local data for split-string@https://registry.npmjs.org/split-string/-/split-string-3.1.0.tgz. Extracting by manifest.
487 silly tarball no local data for arr-union@https://registry.npmjs.org/arr-union/-/arr-union-3.1.0.tgz. Extracting by manifest.
488 silly tarball no local data for extend-shallow@https://registry.npmjs.org/extend-shallow/-/extend-shallow-2.0.1.tgz. Extracting by manifest.
489 silly tarball no local data for typewise-core@https://registry.npmjs.org/typewise-core/-/typewise-core-1.2.0.tgz. Extracting by manifest.
490 silly tarball no local data for typewise@https://registry.npmjs.org/typewise/-/typewise-1.0.3.tgz. Extracting by manifest.
491 silly tarball no local data for bytewise-core@https://registry.npmjs.org/bytewise-core/-/bytewise-core-1.2.3.tgz. Extracting by manifest.
492 silly tarball no local data for union-value@https://registry.npmjs.org/union-value/-/union-value-1.0.1.tgz. Extracting by manifest.
493 silly tarball no local data for isobject@https://registry.npmjs.org/isobject/-/isobject-3.0.1.tgz. Extracting by manifest.
494 silly tarball no local data for sort-desc@https://registry.npmjs.org/sort-desc/-/sort-desc-0.2.0.tgz. Extracting by manifest.
495 silly tarball no local data for sort-asc@https://registry.npmjs.org/sort-asc/-/sort-asc-0.2.0.tgz. Extracting by manifest.
496 silly tarball no local data for is-extendable@https://registry.npmjs.org/is-extendable/-/is-extendable-0.1.1.tgz. Extracting by manifest.
497 silly tarball no local data for get-value@https://registry.npmjs.org/get-value/-/get-value-2.0.6.tgz. Extracting by manifest.
498 silly tarball no local data for bytewise@https://registry.npmjs.org/bytewise/-/bytewise-1.1.0.tgz. Extracting by manifest.
499 silly tarball no local data for sort-object@https://registry.npmjs.org/sort-object/-/sort-object-3.0.3.tgz. Extracting by manifest.
500 silly tarball no local data for protocol-buffers-schema@https://registry.npmjs.org/protocol-buffers-schema/-/protocol-buffers-schema-3.6.0.tgz. Extracting by manifest.
501 silly tarball no local data for @vis.gl/react-mapbox@https://registry.npmjs.org/@vis.gl/react-mapbox/-/react-mapbox-8.1.0.tgz. Extracting by manifest.
502 silly tarball no local data for pretty-format@https://registry.npmjs.org/pretty-format/-/pretty-format-3.8.0.tgz. Extracting by manifest.
503 silly tarball no local data for resolve-protobuf-schema@https://registry.npmjs.org/resolve-protobuf-schema/-/resolve-protobuf-schema-2.1.0.tgz. Extracting by manifest.
504 silly tarball no local data for @vis.gl/react-maplibre@https://registry.npmjs.org/@vis.gl/react-maplibre/-/react-maplibre-8.1.0.tgz. Extracting by manifest.
505 silly tarball no local data for object-hash@https://registry.npmjs.org/object-hash/-/object-hash-2.2.0.tgz. Extracting by manifest.
506 silly tarball no local data for preact-render-to-string@https://registry.npmjs.org/preact-render-to-string/-/preact-render-to-string-5.2.6.tgz. Extracting by manifest.
507 silly tarball no local data for uuid@https://registry.npmjs.org/uuid/-/uuid-8.3.2.tgz. Extracting by manifest.
508 silly tarball no local data for preact@https://registry.npmjs.org/preact/-/preact-10.28.4.tgz. Extracting by manifest.
509 silly tarball no local data for oauth@https://registry.npmjs.org/oauth/-/oauth-0.9.15.tgz. Extracting by manifest.
510 silly tarball no local data for jose@https://registry.npmjs.org/jose/-/jose-4.15.9.tgz. Extracting by manifest.
511 silly tarball no local data for oidc-token-hash@https://registry.npmjs.org/oidc-token-hash/-/oidc-token-hash-5.2.0.tgz. Extracting by manifest.
512 silly tarball no local data for cookie@https://registry.npmjs.org/cookie/-/cookie-0.7.2.tgz. Extracting by manifest.
513 silly tarball no local data for @babel/runtime@https://registry.npmjs.org/@babel/runtime/-/runtime-7.28.6.tgz. Extracting by manifest.
514 silly tarball no local data for @panva/hkdf@https://registry.npmjs.org/@panva/hkdf/-/hkdf-1.2.1.tgz. Extracting by manifest.
515 silly tarball no local data for rw@https://registry.npmjs.org/rw/-/rw-1.3.3.tgz. Extracting by manifest.
516 silly tarball no local data for tinyqueue@https://registry.npmjs.org/tinyqueue/-/tinyqueue-3.0.0.tgz. Extracting by manifest.
517 silly tarball no local data for openid-client@https://registry.npmjs.org/openid-client/-/openid-client-5.7.1.tgz. Extracting by manifest.
518 silly tarball no local data for get-stream@https://registry.npmjs.org/get-stream/-/get-stream-6.0.1.tgz. Extracting by manifest.
519 silly tarball no local data for supercluster@https://registry.npmjs.org/supercluster/-/supercluster-8.0.1.tgz. Extracting by manifest.
520 silly tarball no local data for json-stringify-pretty-compact@https://registry.npmjs.org/json-stringify-pretty-compact/-/json-stringify-pretty-compact-4.0.0.tgz. Extracting by manifest.
521 silly tarball no local data for potpack@https://registry.npmjs.org/potpack/-/potpack-2.1.0.tgz. Extracting by manifest.
522 silly tarball no local data for quickselect@https://registry.npmjs.org/quickselect/-/quickselect-3.0.0.tgz. Extracting by manifest.
523 silly tarball no local data for pbf@https://registry.npmjs.org/pbf/-/pbf-4.0.1.tgz. Extracting by manifest.
524 silly tarball no local data for murmurhash-js@https://registry.npmjs.org/murmurhash-js/-/murmurhash-js-1.0.0.tgz. Extracting by manifest.
525 silly tarball no local data for gl-matrix@https://registry.npmjs.org/gl-matrix/-/gl-matrix-3.4.4.tgz. Extracting by manifest.
526 silly tarball no local data for kdbush@https://registry.npmjs.org/kdbush/-/kdbush-4.0.2.tgz. Extracting by manifest.
527 silly tarball no local data for earcut@https://registry.npmjs.org/earcut/-/earcut-3.0.2.tgz. Extracting by manifest.
528 silly tarball no local data for @types/supercluster@https://registry.npmjs.org/@types/supercluster/-/supercluster-7.1.3.tgz. Extracting by manifest.
529 silly tarball no local data for @maplibre/vt-pbf@https://registry.npmjs.org/@maplibre/vt-pbf/-/vt-pbf-4.3.0.tgz. Extracting by manifest.
530 silly tarball no local data for @maplibre/mlt@https://registry.npmjs.org/@maplibre/mlt/-/mlt-1.1.6.tgz. Extracting by manifest.
531 silly tarball no local data for @types/geojson@https://registry.npmjs.org/@types/geojson/-/geojson-7946.0.16.tgz. Extracting by manifest.
532 silly tarball no local data for @maplibre/geojson-vt@https://registry.npmjs.org/@maplibre/geojson-vt/-/geojson-vt-5.0.4.tgz. Extracting by manifest.
533 silly tarball no local data for @mapbox/whoots-js@https://registry.npmjs.org/@mapbox/whoots-js/-/whoots-js-3.1.0.tgz. Extracting by manifest.
534 silly tarball no local data for @mapbox/vector-tile@https://registry.npmjs.org/@mapbox/vector-tile/-/vector-tile-2.0.4.tgz. Extracting by manifest.
535 silly tarball no local data for @mapbox/tiny-sdf@https://registry.npmjs.org/@mapbox/tiny-sdf/-/tiny-sdf-2.0.7.tgz. Extracting by manifest.
536 silly tarball no local data for @mapbox/point-geometry@https://registry.npmjs.org/@mapbox/point-geometry/-/point-geometry-1.1.0.tgz. Extracting by manifest.
537 silly tarball no local data for @mapbox/unitbezier@https://registry.npmjs.org/@mapbox/unitbezier/-/unitbezier-0.0.1.tgz. Extracting by manifest.
538 silly tarball no local data for @mapbox/jsonlint-lines-primitives@https://registry.npmjs.org/@mapbox/jsonlint-lines-primitives/-/jsonlint-lines-primitives-2.0.2.tgz. Extracting by manifest.
539 silly tarball no local data for @mapbox/geojson-rewind@https://registry.npmjs.org/@mapbox/geojson-rewind/-/geojson-rewind-0.5.2.tgz. Extracting by manifest.
540 silly tarball no local data for @maplibre/maplibre-gl-style-spec@https://registry.npmjs.org/@maplibre/maplibre-gl-style-spec/-/maplibre-gl-style-spec-24.6.0.tgz. Extracting by manifest.
541 silly tarball no local data for react-map-gl@https://registry.npmjs.org/react-map-gl/-/react-map-gl-8.1.0.tgz. Extracting by manifest.
542 silly tarball no local data for next-auth@https://registry.npmjs.org/next-auth/-/next-auth-4.24.13.tgz. Extracting by manifest.
543 silly tarball no local data for maplibre-gl@https://registry.npmjs.org/maplibre-gl/-/maplibre-gl-5.19.0.tgz. Extracting by manifest.
544 silly tarball no local data for extend-shallow@https://registry.npmjs.org/extend-shallow/-/extend-shallow-3.0.2.tgz. Extracting by manifest.
545 silly tarball no local data for json-stringify-pretty-compact@https://registry.npmjs.org/json-stringify-pretty-compact/-/json-stringify-pretty-compact-3.0.0.tgz. Extracting by manifest.
546 silly tarball no local data for @maplibre/maplibre-gl-style-spec@https://registry.npmjs.org/@maplibre/maplibre-gl-style-spec/-/maplibre-gl-style-spec-19.3.3.tgz. Extracting by manifest.
547 silly tarball no local data for yallist@https://registry.npmjs.org/yallist/-/yallist-4.0.0.tgz. Extracting by manifest.
548 silly tarball no local data for is-extendable@https://registry.npmjs.org/is-extendable/-/is-extendable-1.0.1.tgz. Extracting by manifest.
549 silly tarball no local data for lru-cache@https://registry.npmjs.org/lru-cache/-/lru-cache-6.0.0.tgz. Extracting by manifest.
550 http fetch GET 200 https://registry.npmjs.org/typewise-core/-/typewise-core-1.2.0.tgz 78ms (cache miss)
551 http fetch GET 200 https://registry.npmjs.org/typewise/-/typewise-1.0.3.tgz 78ms (cache miss)
552 http fetch GET 200 https://registry.npmjs.org/arr-union/-/arr-union-3.1.0.tgz 80ms (cache miss)
553 http fetch GET 200 https://registry.npmjs.org/split-string/-/split-string-3.1.0.tgz 80ms (cache miss)
554 http fetch GET 200 https://registry.npmjs.org/is-plain-object/-/is-plain-object-2.0.4.tgz 80ms (cache miss)
555 http fetch GET 200 https://registry.npmjs.org/set-value/-/set-value-2.0.1.tgz 80ms (cache miss)
556 http fetch GET 200 https://registry.npmjs.org/extend-shallow/-/extend-shallow-2.0.1.tgz 79ms (cache miss)
557 http fetch GET 200 https://registry.npmjs.org/assign-symbols/-/assign-symbols-1.0.0.tgz 80ms (cache miss)
558 http fetch GET 200 https://registry.npmjs.org/get-value/-/get-value-2.0.6.tgz 93ms (cache miss)
559 http fetch GET 200 https://registry.npmjs.org/bytewise/-/bytewise-1.1.0.tgz 103ms (cache miss)
560 http fetch GET 200 https://registry.npmjs.org/sort-object/-/sort-object-3.0.3.tgz 104ms (cache miss)
561 http fetch GET 200 https://registry.npmjs.org/protocol-buffers-schema/-/protocol-buffers-schema-3.6.0.tgz 108ms (cache miss)
562 http fetch GET 200 https://registry.npmjs.org/resolve-protobuf-schema/-/resolve-protobuf-schema-2.1.0.tgz 114ms (cache miss)
563 http fetch GET 200 https://registry.npmjs.org/pretty-format/-/pretty-format-3.8.0.tgz 116ms (cache miss)
564 http fetch GET 200 https://registry.npmjs.org/object-hash/-/object-hash-2.2.0.tgz 138ms (cache miss)
565 http fetch GET 200 https://registry.npmjs.org/sort-desc/-/sort-desc-0.2.0.tgz 153ms (cache miss)
566 http fetch GET 200 https://registry.npmjs.org/is-extendable/-/is-extendable-0.1.1.tgz 152ms (cache miss)
567 http fetch GET 200 https://registry.npmjs.org/isobject/-/isobject-3.0.1.tgz 154ms (cache miss)
568 http fetch GET 200 https://registry.npmjs.org/union-value/-/union-value-1.0.1.tgz 154ms (cache miss)
569 http fetch GET 200 https://registry.npmjs.org/sort-asc/-/sort-asc-0.2.0.tgz 153ms (cache miss)
570 http fetch GET 200 https://registry.npmjs.org/bytewise-core/-/bytewise-core-1.2.3.tgz 156ms (cache miss)
571 http fetch GET 200 https://registry.npmjs.org/oauth/-/oauth-0.9.15.tgz 170ms (cache miss)
572 http fetch GET 200 https://registry.npmjs.org/preact-render-to-string/-/preact-render-to-string-5.2.6.tgz 182ms (cache miss)
573 http fetch GET 200 https://registry.npmjs.org/oidc-token-hash/-/oidc-token-hash-5.2.0.tgz 184ms (cache miss)
574 http fetch GET 200 https://registry.npmjs.org/uuid/-/uuid-8.3.2.tgz 185ms (cache miss)
575 http fetch GET 200 https://registry.npmjs.org/tinyqueue/-/tinyqueue-3.0.0.tgz 201ms (cache miss)
576 http fetch GET 200 https://registry.npmjs.org/cookie/-/cookie-0.7.2.tgz 202ms (cache miss)
577 http fetch GET 200 https://registry.npmjs.org/rw/-/rw-1.3.3.tgz 209ms (cache miss)
578 http fetch GET 200 https://registry.npmjs.org/get-stream/-/get-stream-6.0.1.tgz 214ms (cache miss)
579 http fetch GET 200 https://registry.npmjs.org/supercluster/-/supercluster-8.0.1.tgz 217ms (cache miss)
580 http fetch GET 200 https://registry.npmjs.org/@panva/hkdf/-/hkdf-1.2.1.tgz 221ms (cache miss)
581 http fetch POST 200 https://registry.npmjs.org/-/npm/v1/security/advisories/bulk 240ms
582 silly audit report {}
583 http fetch GET 200 https://registry.npmjs.org/json-stringify-pretty-compact/-/json-stringify-pretty-compact-4.0.0.tgz 226ms (cache miss)
584 http fetch GET 200 https://registry.npmjs.org/potpack/-/potpack-2.1.0.tgz 227ms (cache miss)
585 http fetch GET 200 https://registry.npmjs.org/openid-client/-/openid-client-5.7.1.tgz 230ms (cache miss)
586 http fetch GET 200 https://registry.npmjs.org/quickselect/-/quickselect-3.0.0.tgz 239ms (cache miss)
587 http fetch GET 200 https://registry.npmjs.org/preact/-/preact-10.28.4.tgz 247ms (cache miss)
588 http fetch GET 200 https://registry.npmjs.org/murmurhash-js/-/murmurhash-js-1.0.0.tgz 248ms (cache miss)
589 http fetch GET 200 https://registry.npmjs.org/kdbush/-/kdbush-4.0.2.tgz 247ms (cache miss)
590 http fetch GET 200 https://registry.npmjs.org/pbf/-/pbf-4.0.1.tgz 249ms (cache miss)
591 http fetch GET 200 https://registry.npmjs.org/earcut/-/earcut-3.0.2.tgz 258ms (cache miss)
592 http fetch GET 200 https://registry.npmjs.org/@types/supercluster/-/supercluster-7.1.3.tgz 262ms (cache miss)
593 http fetch GET 200 https://registry.npmjs.org/@types/geojson/-/geojson-7946.0.16.tgz 268ms (cache miss)
594 http fetch GET 200 https://registry.npmjs.org/gl-matrix/-/gl-matrix-3.4.4.tgz 280ms (cache miss)
595 http fetch GET 200 https://registry.npmjs.org/@mapbox/whoots-js/-/whoots-js-3.1.0.tgz 285ms (cache miss)
596 http fetch GET 200 https://registry.npmjs.org/@mapbox/tiny-sdf/-/tiny-sdf-2.0.7.tgz 287ms (cache miss)
597 http fetch GET 200 https://registry.npmjs.org/@babel/runtime/-/runtime-7.28.6.tgz 296ms (cache miss)
598 http fetch GET 200 https://registry.npmjs.org/@mapbox/unitbezier/-/unitbezier-0.0.1.tgz 294ms (cache miss)
599 http fetch GET 200 https://registry.npmjs.org/jose/-/jose-4.15.9.tgz 331ms (cache miss)
600 http fetch GET 200 https://registry.npmjs.org/@mapbox/geojson-rewind/-/geojson-rewind-0.5.2.tgz 336ms (cache miss)
601 http fetch GET 200 https://registry.npmjs.org/extend-shallow/-/extend-shallow-3.0.2.tgz 342ms (cache miss)
602 http fetch GET 200 https://registry.npmjs.org/react-map-gl/-/react-map-gl-8.1.0.tgz 359ms (cache miss)
603 http fetch GET 200 https://registry.npmjs.org/is-extendable/-/is-extendable-1.0.1.tgz 393ms (cache miss)
604 http fetch GET 200 https://registry.npmjs.org/next-auth/-/next-auth-4.24.13.tgz 414ms (cache miss)
605 http fetch GET 200 https://registry.npmjs.org/@vis.gl/react-maplibre/-/react-maplibre-8.1.0.tgz 466ms (cache miss)
606 http fetch GET 200 https://registry.npmjs.org/lru-cache/-/lru-cache-6.0.0.tgz 550ms (cache miss)
607 http fetch GET 200 https://registry.npmjs.org/@mapbox/point-geometry/-/point-geometry-1.1.0.tgz 554ms (cache miss)
608 http fetch GET 200 https://registry.npmjs.org/@mapbox/vector-tile/-/vector-tile-2.0.4.tgz 555ms (cache miss)
609 http fetch GET 200 https://registry.npmjs.org/json-stringify-pretty-compact/-/json-stringify-pretty-compact-3.0.0.tgz 624ms (cache miss)
610 http fetch GET 200 https://registry.npmjs.org/yallist/-/yallist-4.0.0.tgz 666ms (cache miss)
611 http fetch GET 200 https://registry.npmjs.org/@vis.gl/react-mapbox/-/react-mapbox-8.1.0.tgz 906ms (cache miss)
612 http fetch GET 200 https://registry.npmjs.org/@mapbox/jsonlint-lines-primitives/-/jsonlint-lines-primitives-2.0.2.tgz 942ms (cache miss)
613 http fetch GET 200 https://registry.npmjs.org/@maplibre/geojson-vt/-/geojson-vt-5.0.4.tgz 1057ms (cache miss)
614 http fetch GET 200 https://registry.npmjs.org/@maplibre/mlt/-/mlt-1.1.6.tgz 1117ms (cache miss)
615 http fetch GET 200 https://registry.npmjs.org/@maplibre/vt-pbf/-/vt-pbf-4.3.0.tgz 1439ms (cache miss)
616 http fetch GET 200 https://registry.npmjs.org/maplibre-gl/-/maplibre-gl-5.19.0.tgz 2237ms (cache miss)
617 http fetch GET 200 https://registry.npmjs.org/@maplibre/maplibre-gl-style-spec/-/maplibre-gl-style-spec-24.6.0.tgz 3012ms (cache miss)
618 http fetch GET 200 https://registry.npmjs.org/@maplibre/maplibre-gl-style-spec/-/maplibre-gl-style-spec-19.3.3.tgz 5483ms (cache miss)
619 silly ADD node_modules/assign-symbols
620 silly ADD node_modules/isobject
621 silly ADD node_modules/split-string
622 silly ADD node_modules/split-string/node_modules/is-extendable
623 silly ADD node_modules/split-string/node_modules/extend-shallow
624 silly ADD node_modules/is-plain-object
625 silly ADD node_modules/extend-shallow
626 silly ADD node_modules/set-value
627 silly ADD node_modules/arr-union
628 silly ADD node_modules/typewise-core
629 silly ADD node_modules/typewise
630 silly ADD node_modules/bytewise-core
631 silly ADD node_modules/union-value
632 silly ADD node_modules/sort-desc
633 silly ADD node_modules/sort-asc
634 silly ADD node_modules/is-extendable
635 silly ADD node_modules/get-value
636 silly ADD node_modules/bytewise
637 silly ADD node_modules/sort-object
638 silly ADD node_modules/protocol-buffers-schema
639 silly ADD node_modules/@vis.gl/react-maplibre
640 silly ADD node_modules/@vis.gl/react-maplibre/node_modules/json-stringify-pretty-compact
641 silly ADD node_modules/@vis.gl/react-maplibre/node_modules/@maplibre/maplibre-gl-style-spec
642 silly ADD node_modules/@vis.gl/react-mapbox
643 silly ADD node_modules/pretty-format
644 silly ADD node_modules/resolve-protobuf-schema
645 silly ADD node_modules/oidc-token-hash
646 silly ADD node_modules/object-hash
647 silly ADD node_modules/uuid
648 silly ADD node_modules/preact-render-to-string
649 silly ADD node_modules/preact
650 silly ADD node_modules/openid-client
651 silly ADD node_modules/openid-client/node_modules/yallist
652 silly ADD node_modules/openid-client/node_modules/lru-cache
653 silly ADD node_modules/oauth
654 silly ADD node_modules/jose
655 silly ADD node_modules/cookie
656 silly ADD node_modules/@panva/hkdf
657 silly ADD node_modules/@babel/runtime
658 silly ADD node_modules/rw
659 silly ADD node_modules/json-stringify-pretty-compact
660 silly ADD node_modules/get-stream
661 silly ADD node_modules/tinyqueue
662 silly ADD node_modules/supercluster
663 silly ADD node_modules/quickselect
664 silly ADD node_modules/potpack
665 silly ADD node_modules/pbf
666 silly ADD node_modules/murmurhash-js
667 silly ADD node_modules/kdbush
668 silly ADD node_modules/gl-matrix
669 silly ADD node_modules/earcut
670 silly ADD node_modules/@types/supercluster
671 silly ADD node_modules/@types/geojson
672 silly ADD node_modules/@maplibre/vt-pbf
673 silly ADD node_modules/@maplibre/mlt
674 silly ADD node_modules/@maplibre/maplibre-gl-style-spec
675 silly ADD node_modules/@maplibre/geojson-vt
676 silly ADD node_modules/@mapbox/whoots-js
677 silly ADD node_modules/@mapbox/vector-tile
678 silly ADD node_modules/@mapbox/unitbezier
679 silly ADD node_modules/@mapbox/tiny-sdf
680 silly ADD node_modules/@mapbox/point-geometry
681 silly ADD node_modules/@mapbox/jsonlint-lines-primitives
682 silly ADD node_modules/@mapbox/geojson-rewind
683 silly ADD node_modules/react-map-gl
684 silly ADD node_modules/next-auth
685 silly ADD node_modules/maplibre-gl
686 verbose cwd /Users/tomasdiez/Web/fablabs.io/frontend
687 verbose os Darwin 25.2.0
688 verbose node v25.7.0
689 verbose npm  v11.10.1
690 verbose exit 0
691 info ok
