0 verbose cli /Users/tomasdiez/.nvm/versions/node/v25.7.0/bin/node /Users/tomasdiez/.nvm/versions/node/v25.7.0/bin/npm
1 info using npm@11.10.1
2 info using node@v25.7.0
3 silly config load:file:/Users/tomasdiez/.nvm/versions/node/v25.7.0/lib/node_modules/npm/npmrc
4 silly config load:file:/Users/tomasdiez/.openclaw/workspace/.npmrc
5 silly config load:file:/Users/tomasdiez/.npmrc
6 silly config load:file:/Users/tomasdiez/.nvm/versions/node/v25.7.0/etc/npmrc
7 verbose title npm run dev
8 verbose argv "run" "dev"
9 verbose logfile logs-max:10 dir:/Users/tomasdiez/Web/fablabs.io/.npm-local-cache/_logs/2026-03-02T10_46_25_557Z-
10 verbose logfile /Users/tomasdiez/Web/fablabs.io/.npm-local-cache/_logs/2026-03-02T10_46_25_557Z-debug-0.log
11 silly logfile start cleaning logs, removing 2 files
12 verbose stack Error: Could not read package.json: Error: ENOENT: no such file or directory, open '/Users/tomasdiez/.openclaw/workspace/package.json'
12 verbose stack     at async open (node:internal/fs/promises:636:25)
12 verbose stack     at async readFile (node:internal/fs/promises:1273:14)
12 verbose stack     at async read (/Users/tomasdiez/.nvm/versions/node/v25.7.0/lib/node_modules/npm/node_modules/@npmcli/package-json/lib/read-package.js:9:18)
12 verbose stack     at async PackageJson.load (/Users/tomasdiez/.nvm/versions/node/v25.7.0/lib/node_modules/npm/node_modules/@npmcli/package-json/lib/index.js:131:31)
12 verbose stack     at async PackageJson.normalize (/Users/tomasdiez/.nvm/versions/node/v25.7.0/lib/node_modules/npm/node_modules/@npmcli/package-json/lib/index.js:117:5)
12 verbose stack     at async #run (/Users/tomasdiez/.nvm/versions/node/v25.7.0/lib/node_modules/npm/lib/commands/run.js:90:13)
12 verbose stack     at async RunScript.exec (/Users/tomasdiez/.nvm/versions/node/v25.7.0/lib/node_modules/npm/lib/commands/run.js:44:7)
12 verbose stack     at async Npm.exec (/Users/tomasdiez/.nvm/versions/node/v25.7.0/lib/node_modules/npm/lib/npm.js:209:9)
12 verbose stack     at async module.exports (/Users/tomasdiez/.nvm/versions/node/v25.7.0/lib/node_modules/npm/lib/cli/entry.js:67:5)
13 error code ENOENT
14 error syscall open
15 error path /Users/tomasdiez/.openclaw/workspace/package.json
16 error errno -2
17 error enoent Could not read package.json: Error: ENOENT: no such file or directory, open '/Users/tomasdiez/.openclaw/workspace/package.json'
18 error enoent This is related to npm not being able to find a file.
18 error enoent
19 verbose cwd /Users/tomasdiez/.openclaw/workspace
20 verbose os Darwin 25.2.0
21 verbose node v25.7.0
22 verbose npm  v11.10.1
23 verbose exit -2
24 verbose code -2
25 error A complete log of this run can be found in: /Users/tomasdiez/Web/fablabs.io/.npm-local-cache/_logs/2026-03-02T10_46_25_557Z-debug-0.log
