0 verbose cli /Users/tomasdiez/.nvm/versions/node/v25.7.0/bin/node /Users/tomasdiez/.nvm/versions/node/v25.7.0/bin/npm
1 info using npm@11.10.1
2 info using node@v25.7.0
3 silly config load:file:/Users/tomasdiez/.nvm/versions/node/v25.7.0/lib/node_modules/npm/npmrc
4 silly config load:file:/Users/tomasdiez/Web/fablabs.io/.npmrc
5 silly config load:file:/Users/tomasdiez/.npmrc
6 silly config load:file:/Users/tomasdiez/.nvm/versions/node/v25.7.0/etc/npmrc
7 verbose title npm run dev
8 verbose argv "run" "dev"
9 verbose logfile logs-max:10 dir:/Users/tomasdiez/Web/fablabs.io/.npm-local-cache/_logs/2026-03-02T11_00_33_312Z-
10 verbose logfile /Users/tomasdiez/Web/fablabs.io/.npm-local-cache/_logs/2026-03-02T11_00_33_312Z-debug-0.log
11 silly logfile start cleaning logs, removing 1 files
12 silly logfile done cleaning log files
13 verbose stack Error: Missing script: "dev"
13 verbose stack
13 verbose stack To see a list of scripts, run:
13 verbose stack   npm run
13 verbose stack     at #run (/Users/tomasdiez/.nvm/versions/node/v25.7.0/lib/node_modules/npm/lib/commands/run.js:115:13)
13 verbose stack     at async RunScript.exec (/Users/tomasdiez/.nvm/versions/node/v25.7.0/lib/node_modules/npm/lib/commands/run.js:44:7)
13 verbose stack     at async Npm.exec (/Users/tomasdiez/.nvm/versions/node/v25.7.0/lib/node_modules/npm/lib/npm.js:209:9)
13 verbose stack     at async module.exports (/Users/tomasdiez/.nvm/versions/node/v25.7.0/lib/node_modules/npm/lib/cli/entry.js:67:5)
14 error Missing script: "dev"
14 error
14 error To see a list of scripts, run:
14 error   npm run
15 verbose cwd /Users/tomasdiez/Web/fablabs.io
16 verbose os Darwin 25.2.0
17 verbose node v25.7.0
18 verbose npm  v11.10.1
19 verbose exit 1
20 verbose code 1
21 error A complete log of this run can be found in: /Users/tomasdiez/Web/fablabs.io/.npm-local-cache/_logs/2026-03-02T11_00_33_312Z-debug-0.log
